Component: ARM Compiler 5.06 update 7 (build 960) Tool: armlink [4d3601]

==============================================================================

Section Cross References

    startup_stm32f103xe.o(RESET) refers to startup_stm32f103xe.o(STACK) for __initial_sp
    startup_stm32f103xe.o(RESET) refers to startup_stm32f103xe.o(.text) for Reset_Handler
    startup_stm32f103xe.o(RESET) refers to stm32f1xx_it.o(.text) for NMI_Handler
    startup_stm32f103xe.o(.text) refers to system_stm32f1xx.o(.text) for SystemInit
    startup_stm32f103xe.o(.text) refers to entry.o(.ARM.Collect$$$$00000000) for __main
    main.o(.text) refers to memseta.o(.text) for __aeabi_memclr
    main.o(.text) refers to ldiv.o(.text) for __aeabi_ldivmod
    main.o(.text) refers to printfa.o(i.__0sprintf) for __2sprintf
    main.o(.text) refers to strcpy.o(.text) for strcpy
    main.o(.text) refers to strlen.o(.text) for strlen
    main.o(.text) refers to malloc.o(i.malloc) for malloc
    main.o(.text) refers to stm32f1xx_hal_flash.o(.text) for HAL_FLASH_Unlock
    main.o(.text) refers to stm32f1xx_hal_flash_ex.o(.text) for HAL_FLASHEx_Erase
    main.o(.text) refers to malloc.o(i.free) for free
    main.o(.text) refers to printfa.o(i.__0printf) for __2printf
    main.o(.text) refers to stm32f1xx_hal_rcc.o(.text) for HAL_RCC_OscConfig
    main.o(.text) refers to stm32f1xx_hal.o(.text) for HAL_Init
    main.o(.text) refers to gpio.o(.text) for MX_GPIO_Init
    main.o(.text) refers to usart.o(.text) for MX_USART1_UART_Init
    main.o(.text) refers to spi.o(.text) for MX_SPI1_Init
    main.o(.text) refers to stm32f1xx_hal_uart.o(.text) for HAL_UART_Receive
    main.o(.text) refers to strtok.o(.text) for strtok
    main.o(.text) refers to atof.o(i.atof) for atof
    main.o(.text) refers to d2f.o(.text) for __aeabi_d2f
    main.o(.text) refers to fmul.o(.text) for __aeabi_fmul
    main.o(.text) refers to fadd.o(.text) for __aeabi_fsub
    main.o(.text) refers to f2d.o(.text) for __aeabi_f2d
    main.o(.text) refers to strcat.o(.text) for strcat
    main.o(.text) refers to epd_2in13_v3_test.o(.text) for EPD_test
    main.o(.text) refers to main.o(.bss) for .bss
    main.o(.text) refers to usart.o(.bss) for huart1
    main.o(.text) refers to main.o(.data) for .data
    gpio.o(.text) refers to stm32f1xx_hal_gpio.o(.text) for HAL_GPIO_WritePin
    spi.o(.text) refers to stm32f1xx_hal_spi.o(.text) for HAL_SPI_Init
    spi.o(.text) refers to main.o(.text) for Error_Handler
    spi.o(.text) refers to stm32f1xx_hal_gpio.o(.text) for HAL_GPIO_Init
    spi.o(.text) refers to spi.o(.bss) for .bss
    usart.o(.text) refers to stm32f1xx_hal_uart.o(.text) for HAL_UART_Init
    usart.o(.text) refers to main.o(.text) for Error_Handler
    usart.o(.text) refers to stm32f1xx_hal_gpio.o(.text) for HAL_GPIO_Init
    usart.o(.text) refers to usart.o(.bss) for .bss
    stm32f1xx_it.o(.text) refers to printfa.o(i.__0printf) for __2printf
    stm32f1xx_it.o(.text) refers to stm32f1xx_hal.o(.text) for HAL_IncTick
    epd_2in13_v3_test.o(.text) refers to printfa.o(i.__0printf) for __2printf
    epd_2in13_v3_test.o(.text) refers to dev_config.o(.text) for DEV_Module_Init
    epd_2in13_v3_test.o(.text) refers to epd_2in13_v3.o(.text) for EPD_2in13_V3_Init
    epd_2in13_v3_test.o(.text) refers to malloc.o(i.malloc) for malloc
    epd_2in13_v3_test.o(.text) refers to gui_paint.o(.text) for Paint_NewImage
    epd_2in13_v3_test.o(.text) refers to stm32f1xx_hal.o(.text) for HAL_Delay
    epd_2in13_v3_test.o(.text) refers to malloc.o(i.free) for free
    epd_2in13_v3_test.o(.text) refers to font16.o(.data) for Font16
    epd_2in13_v3_test.o(.text) refers to font12.o(.data) for Font12
    epd_2in13_v3.o(.text) refers to printfa.o(i.__0printf) for __2printf
    epd_2in13_v3.o(.text) refers to stm32f1xx_hal_gpio.o(.text) for HAL_GPIO_ReadPin
    epd_2in13_v3.o(.text) refers to stm32f1xx_hal.o(.text) for HAL_Delay
    epd_2in13_v3.o(.text) refers to dev_config.o(.text) for DEV_SPI_WriteByte
    epd_2in13_v3.o(.text) refers to epd_2in13_v3.o(.data) for .data
    dev_config.o(.text) refers to stm32f1xx_hal_spi.o(.text) for HAL_SPI_Transmit
    dev_config.o(.text) refers to stm32f1xx_hal_gpio.o(.text) for HAL_GPIO_WritePin
    dev_config.o(.text) refers to spi.o(.bss) for hspi1
    gui_paint.o(.text) refers to printfa.o(i.__0printf) for __2printf
    gui_paint.o(.text) refers to gui_paint.o(.bss) for .bss
    gui_paint.o(.text) refers to gui_paint.o(.conststring) for .conststring
    gui_paint.o(.text) refers to memseta.o(.text) for __aeabi_memclr4
    gui_paint.o(.text) refers to dfixi.o(.text) for __aeabi_d2iz
    gui_paint.o(.text) refers to dflti.o(.text) for __aeabi_i2d
    gui_paint.o(.text) refers to dadd.o(.text) for __aeabi_drsub
    gui_paint.o(.text) refers to d2f.o(.text) for __aeabi_d2f
    gui_paint.o(.text) refers to fmul.o(.text) for __aeabi_fmul
    gui_paint.o(.text) refers to ffixi.o(.text) for __aeabi_f2iz
[...]
    ../Drivers/STM32F1xx_HAL_Driver/Src/stm32f1xx_hal_uart.c 0x00000000   Number         0  stm32f1xx_hal_uart.o ABSOLUTE
    ../Src/gpio.c                            0x00000000   Number         0  gpio.o ABSOLUTE
    ../Src/main.c                            0x00000000   Number         0  main.o ABSOLUTE
    ../Src/spi.c                             0x00000000   Number         0  spi.o ABSOLUTE
    ../Src/stm32f1xx_hal_msp.c               0x00000000   Number         0  stm32f1xx_hal_msp.o ABSOLUTE
    ../Src/stm32f1xx_it.c                    0x00000000   Number         0  stm32f1xx_it.o ABSOLUTE
    ../Src/system_stm32f1xx.c                0x00000000   Number         0  system_stm32f1xx.o ABSOLUTE
    ../Src/usart.c                           0x00000000   Number         0  usart.o ABSOLUTE
    ../clib/../cmprslib/zerorunl2.c          0x00000000   Number         0  __dczerorl2.o ABSOLUTE
    ../clib/microlib/ctype/ctype.c           0x00000000   Number         0  ctype_c.o ABSOLUTE
    ../clib/microlib/ctype/ctype.c           0x00000000   Number         0  isspace_c.o ABSOLUTE
    ../clib/microlib/division.c              0x00000000   Number         0  ldiv.o ABSOLUTE
    ../clib/microlib/division.c              0x00000000   Number         0  uidiv.o ABSOLUTE
    ../clib/microlib/division.c              0x00000000   Number         0  uldiv.o ABSOLUTE
    ../clib/microlib/errno.c                 0x00000000   Number         0  errno.o ABSOLUTE
    ../clib/microlib/init/entry.s            0x00000000   Number         0  entry10b.o ABSOLUTE
    ../clib/microlib/init/entry.s            0x00000000   Number         0  entry9a.o ABSOLUTE
    ../clib/microlib/init/entry.s            0x00000000   Number         0  entry10a.o ABSOLUTE
    ../clib/microlib/init/entry.s            0x00000000   Number         0  entry.o ABSOLUTE
    ../clib/microlib/init/entry.s            0x00000000   Number         0  entry12b.o ABSOLUTE
    ../clib/microlib/init/entry.s            0x00000000   Number         0  entry2.o ABSOLUTE
    ../clib/microlib/init/entry.s            0x00000000   Number         0  entry5.o ABSOLUTE
    ../clib/microlib/init/entry.s            0x00000000   Number         0  entry7a.o ABSOLUTE
    ../clib/microlib/init/entry.s            0x00000000   Number         0  entry7b.o ABSOLUTE
    ../clib/microlib/init/entry.s            0x00000000   Number         0  entry9b.o ABSOLUTE
    ../clib/microlib/init/entry.s            0x00000000   Number         0  entry8a.o ABSOLUTE
    ../clib/microlib/init/entry.s            0x00000000   Number         0  entry12a.o ABSOLUTE
    ../clib/microlib/init/entry.s            0x00000000   Number         0  entry11b.o ABSOLUTE
    ../clib/microlib/init/entry.s            0x00000000   Number         0  entry8b.o ABSOLUTE
    ../clib/microlib/init/entry.s            0x00000000   Number         0  entry11a.o ABSOLUTE
    ../clib/microlib/longlong.c              0x00000000   Number         0  llushr.o ABSOLUTE
    ../clib/microlib/longlong.c              0x00000000   Number         0  llshl.o ABSOLUTE
    ../clib/microlib/longlong.c              0x00000000   Number         0  llsshr.o ABSOLUTE
    ../clib/microlib/malloc/malloc.c         0x00000000   Number         0  malloca.o ABSOLUTE
    ../clib/microlib/malloc/malloc.c         0x00000000   Number         0  mallocra.o ABSOLUTE
    ../clib/microlib/malloc/malloc.c         0x00000000   Number         0  mallocr.o ABSOLUTE
    ../clib/microlib/malloc/malloc.c         0x00000000   Number         0  malloc.o ABSOLUTE
    ../clib/microlib/malloc/mvars.c          0x00000000   Number         0  mvars.o ABSOLUTE
    ../clib/microlib/printf/printf.c         0x00000000   Number         0  printf2.o ABSOLUTE
    ../clib/microlib/printf/printf.c         0x00000000   Number         0  printfb.o ABSOLUTE
    ../clib/microlib/printf/printf.c         0x00000000   Number         0  printf0.o ABSOLUTE
    ../clib/microlib/printf/printf.c         0x00000000   Number         0  printf1.o ABSOLUTE
    ../clib/microlib/printf/printf.c         0x00000000   Number         0  printf7.o ABSOLUTE
    ../clib/microlib/printf/printf.c         0x00000000   Number         0  printf3.o ABSOLUTE
    ../clib/microlib/printf/printf.c         0x00000000   Number         0  printf4.o ABSOLUTE
    ../clib/microlib/printf/printf.c         0x00000000   Number         0  printf5.o ABSOLUTE
    ../clib/microlib/printf/printf.c         0x00000000   Number         0  printf6.o ABSOLUTE
    ../clib/microlib/printf/printf.c         0x00000000   Number         0  printf8.o ABSOLUTE
    ../clib/microlib/printf/printf.c         0x00000000   Number         0  printfa.o ABSOLUTE
    ../clib/microlib/printf/stubs.s          0x00000000   Number         0  stubs.o ABSOLUTE
    ../clib/microlib/stdio/streams.c         0x00000000   Number         0  stdout.o ABSOLUTE
    ../clib/microlib/stdlib/abort.c          0x00000000   Number         0  abort.o ABSOLUTE
    ../clib/microlib/string/memcpy.c         0x00000000   Number         0  memcpyb.o ABSOLUTE
    ../clib/microlib/string/memcpy.c         0x00000000   Number         0  memcpya.o ABSOLUTE
    ../clib/microlib/string/memset.c         0x00000000   Number         0  memseta.o ABSOLUTE
    ../clib/microlib/string/strcat.c         0x00000000   Number         0  strcat.o ABSOLUTE
    ../clib/microlib/string/strcpy.c         0x00000000   Number         0  strcpy.o ABSOLUTE
    ../clib/microlib/string/strlen.c         0x00000000   Number         0  strlen.o ABSOLUTE
    ../clib/microlib/string/strtok.c         0x00000000   Number         0  strtok_r.o ABSOLUTE
    ../clib/microlib/string/strtok.c         0x00000000   Number         0  strtok.o ABSOLUTE
    ../clib/microlib/stubs.s                 0x00000000   Number         0  iusefp.o ABSOLUTE
    ../clib/scanf.c                          0x00000000   Number         0  scanf_fp.o ABSOLUTE
    ../clib/scanf.c                          0x00000000   Number         0  _sgetc.o ABSOLUTE
    ../clib/scanf.c                          0x00000000   Number         0  strtod.o ABSOLUTE
    ../fplib/microlib/d2f.c                  0x00000000   Number         0  d2f.o ABSOLUTE
    ../fplib/microlib/f2d.c                  0x00000000   Number         0  f2d.o ABSOLUTE
    ../fplib/microlib/fpadd.c                0x00000000   Number         0  fadd.o ABSOLUTE
    ../fplib/microlib/fpadd.c                0x00000000   Number         0  dadd.o ABSOLUTE
    ../fplib/microlib/fpdiv.c                0x00000000   Number         0  ddiv.o ABSOLUTE
    ../fplib/microlib/fpepilogue.c           0x00000000   Number         0  depilogue.o ABSOLUTE
    ../fplib/microlib/fpepilogue.c           0x00000000   Number         0  fepilogue.o ABSOLUTE
    ../fplib/microlib/fpfix.c                0x00000000   Number         0  dfixul.o ABSOLUTE
    ../fplib/microlib/fpfix.c                0x00000000   Number         0  ffixi.o ABSOLUTE
    ../fplib/microlib/fpfix.c                0x00000000   Number         0  dfixi.o ABSOLUTE
    ../fplib/microlib/fpflt.c                0x00000000   Number         0  dflti.o ABSOLUTE
    ../fplib/microlib/fpflt.c                0x00000000   Number         0  dfltul.o ABSOLUTE
    ../fplib/microlib/fpmul.c                0x00000000   Number         0  fmul.o ABSOLUTE
    ../fplib/microlib/fpmul.c                0x00000000   Number         0  dmul.o ABSOLUTE
    ../mathlib/atof.c                        0x00000000   Number         0  atof.o ABSOLUTE
    ..\Drivers\STM32F1xx_HAL_Driver\Src\stm32f1xx_hal.c 0x00000000   Number         0  stm32f1xx_hal.o ABSOLUTE
    ..\Drivers\STM32F1xx_HAL_Driver\Src\stm32f1xx_hal_cortex.c 0x00000000   Number         0  stm32f1xx_hal_cortex.o ABSOLUTE
    ..\Drivers\STM32F1xx_HAL_Driver\Src\stm32f1xx_hal_dma.c 0x00000000   Number         0  stm32f1xx_hal_dma.o ABSOLUTE
    ..\Drivers\STM32F1xx_HAL_Driver\Src\stm32f1xx_hal_exti.c 0x00000000   Number         0  stm32f1xx_hal_exti.o ABSOLUTE
    ..\Drivers\STM32F1xx_HAL_Driver\Src\stm32f1xx_hal_flash.c 0x00000000   Number         0  stm32f1xx_hal_flash.o ABSOLUTE
    ..\Drivers\STM32F1xx_HAL_Driver\Src\stm32f1xx_hal_flash_ex.c 0x00000000   Number         0  stm32f1xx_hal_flash_ex.o ABSOLUTE
    ..\Drivers\STM32F1xx_HAL_Driver\Src\stm32f1xx_hal_gpio.c 0x00000000   Number         0  stm32f1xx_hal_gpio.o ABSOLUTE
    ..\Drivers\STM32F1xx_HAL_Driver\Src\stm32f1xx_hal_gpio_ex.c 0x00000000   Number         0  stm32f1xx_hal_gpio_ex.o ABSOLUTE
    ..\Drivers\STM32F1xx_HAL_Driver\Src\stm32f1xx_hal_pwr.c 0x00000000   Number         0  stm32f1xx_hal_pwr.o ABSOLUTE
    ..\Drivers\STM32F1xx_HAL_Driver\Src\stm32f1xx_hal_rcc.c 0x00000000   Number         0  stm32f1xx_hal_rcc.o ABSOLUTE
    ..\Drivers\STM32F1xx_HAL_Driver\Src\stm32f1xx_hal_rcc_ex.c 0x00000000   Number         0  stm32f1xx_hal_rcc_ex.o ABSOLUTE
    ..\Drivers\STM32F1xx_HAL_Driver\Src\stm32f1xx_hal_spi.c 0x00000000   Number         0  stm32f1xx_hal_spi.o ABSOLUTE
    ..\Drivers\STM32F1xx_HAL_Driver\Src\stm32f1xx_hal_tim.c 0x00000000   Number         0  stm32f1xx_hal_tim.o ABSOLUTE
    ..\Drivers\STM32F1xx_HAL_Driver\Src\stm32f1xx_hal_tim_ex.c 0x00000000   Number         0  stm32f1xx_hal_tim_ex.o ABSOLUTE
    ..\Drivers\STM32F1xx_HAL_Driver\Src\stm32f1xx_hal_uart.c 0x00000000   Number         0  stm32f1xx_hal_uart.o ABSOLUTE
    ..\Src\gpio.c                            0x00000000   Number         0  gpio.o ABSOLUTE
    ..\Src\main.c                            0x00000000   Number         0  main.o ABSOLUTE
    ..\Src\spi.c                             0x00000000   Number         0  spi.o ABSOLUTE
    ..\Src\stm32f1xx_hal_msp.c               0x00000000   Number         0  stm32f1xx_hal_msp.o ABSOLUTE
    ..\Src\stm32f1xx_it.c                    0x00000000   Number         0  stm32f1xx_it.o ABSOLUTE
    ..\Src\system_stm32f1xx.c                0x00000000   Number         0  system_stm32f1xx.o ABSOLUTE
    ..\Src\usart.c                           0x00000000   Number         0  usart.o ABSOLUTE
    ..\User\Config\DEV_Config.c              0x00000000   Number         0  dev_config.o ABSOLUTE
    ..\User\Examples\EPD_2in13_V3_test.c     0x00000000   Number         0  epd_2in13_v3_test.o ABSOLUTE
    ..\User\Examples\ImageData.c             0x00000000   Number         0  imagedata.o ABSOLUTE
    ..\User\Fonts\font12.c                   0x00000000   Number         0  font12.o ABSOLUTE
    ..\User\Fonts\font12CN.c                 0x00000000   Number         0  font12cn.o ABSOLUTE
    ..\User\Fonts\font16.c                   0x00000000   Number         0  font16.o ABSOLUTE
    ..\User\Fonts\font20.c                   0x00000000   Number         0  font20.o ABSOLUTE
    ..\User\Fonts\font24.c                   0x00000000   Number         0  font24.o ABSOLUTE
    ..\User\Fonts\font24CN.c                 0x00000000   Number         0  font24cn.o ABSOLUTE
    ..\User\Fonts\font8.c                    0x00000000   Number         0  font8.o ABSOLUTE
    ..\User\GUI\GUI_Paint.c                  0x00000000   Number         0  gui_paint.o ABSOLUTE
    ..\User\e-Paper\EPD_2in13_V3.c           0x00000000   Number         0  epd_2in13_v3.o ABSOLUTE
    ..\\User\\Config\\DEV_Config.c           0x00000000   Number         0  dev_config.o ABSOLUTE
    ..\\User\\Examples\\EPD_2in13_V3_test.c  0x00000000   Number         0  epd_2in13_v3_test.o ABSOLUTE
    ..\\User\\GUI\\GUI_Paint.c               0x00000000   Number         0  gui_paint.o ABSOLUTE
    ..\\User\\e-Paper\\EPD_2in13_V3.c        0x00000000   Number         0  epd_2in13_v3.o ABSOLUTE
    cdrcmple.s                               0x00000000   Number         0  cdrcmple.o ABSOLUTE
    dc.s                                     0x00000000   Number         0  dc.o ABSOLUTE
    handlers.s                               0x00000000   Number         0  handlers.o ABSOLUTE
    init.s                                   0x00000000   Number         0  init.o ABSOLUTE
    startup_stm32f103xe.s                    0x00000000   Number         0  startup_stm32f103xe.o ABSOLUTE
    RESET                                    0x08000000   Section      304  startup_stm32f103xe.o(RESET)
    .ARM.Collect$$$$00000000                 0x08000130   Section        0  entry.o(.ARM.Collect$$$$00000000)
    .ARM.Collect$$$$00000001                 0x08000130   Section        4  entry2.o(.ARM.Collect$$$$00000001)
    .ARM.Collect$$$$00000004                 0x08000134   Section        4  entry5.o(.ARM.Collect$$$$00000004)
    .ARM.Collect$$$$00000008                 0x08000138   Section        0  entry7b.o(.ARM.Collect$$$$00000008)
    .ARM.Collect$$$$0000000A                 0x08000138   Section        0  entry8b.o(.ARM.Collect$$$$0000000A)
    .ARM.Collect$$$$0000000B                 0x08000138   Section        8  entry9a.o(.ARM.Collect$$$$0000000B)
    .ARM.Collect$$$$0000000E                 0x08000140   Section        4  entry12b.o(.ARM.Collect$$$$0000000E)
    .ARM.Collect$$$$0000000F                 0x08000144   Section        0  entry10a.o(.ARM.Collect$$$$0000000F)
    .ARM.Collect$$$$00000011                 0x08000144   Section        0  entry11a.o(.ARM.Collect$$$$00000011)
    .ARM.Collect$$$$00002712                 0x08000144   Section        4  entry2.o(.ARM.Collect$$$$00002712)
    __lit__00000000                          0x08000144   Data           4  entry2.o(.ARM.Collect$$$$00002712)
    .text                                    0x08000148   Section       36  startup_stm32f103xe.o(.text)
    .text                                    0x0800016c   Section        0  main.o(.text)
    .text                                    0x08000524   Section        0  gpio.o(.text)
    .text                                    0x08000584   Section        0  spi.o(.text)
    .text                                    0x08000640   Section        0  usart.o(.text)
    .text                                    0x08000718   Section        0  stm32f1xx_it.o(.text)
    .text                                    0x08000748   Section        0  stm32f1xx_hal_msp.o(.text)
    .text                                    0x08000784   Section        0  epd_2in13_v3_test.o(.text)
    .text                                    0x080009c8   Section        0  epd_2in13_v3.o(.text)
    EPD_2IN13_V2_LUT_by_host                 0x080009f7   Thumb Code    96  epd_2in13_v3.o(.text)
    EPD_2in13_V3_SetWindows                  0x08000a57   Thumb Code    68  epd_2in13_v3.o(.text)
    EPD_2in13_V3_SendCommand                 0x08000d23   Thumb Code    46  epd_2in13_v3.o(.text)
    EPD_2in13_V3_SendData                    0x08000d51   Thumb Code    46  epd_2in13_v3.o(.text)
    EPD_2in13_V3_TurnOnDisplay               0x08000d7f   Thumb Code    90  epd_2in13_v3.o(.text)
    EPD_2in13_V3_SetCursor                   0x08000dd9   Thumb Code    38  epd_2in13_v3.o(.text)
    .text                                    0x08000e00   Section        0  dev_config.o(.text)
    .text                                    0x08000e68   Section        0  gui_paint.o(.text)
    .text                                    0x08001e1c   Section        0  system_stm32f1xx.o(.text)
    .text                                    0x08001ee0   Section        0  stm32f1xx_hal_spi.o(.text)
    SPI_WaitFlagStateUntilTimeout            0x08001fc9   Thumb Code   210  stm32f1xx_hal_spi.o(.text)
    SPI_EndRxTxTransaction                   0x0800209b   Thumb Code    36  stm32f1xx_hal_spi.o(.text)
    SPI_EndRxTransaction                     0x0800225b   Thumb Code   112  stm32f1xx_hal_spi.o(.text)
    SPI_CloseTx_ISR                          0x0800263b   Thumb Code   130  stm32f1xx_hal_spi.o(.text)
    SPI_TxISR_8BIT                           0x080026bd   Thumb Code    30  stm32f1xx_hal_spi.o(.text)
    SPI_TxISR_16BIT                          0x080026db   Thumb Code    30  stm32f1xx_hal_spi.o(.text)
    SPI_CloseRx_ISR                          0x0800279d   Thumb Code    76  stm32f1xx_hal_spi.o(.text)
    SPI_RxISR_8BIT                           0x080027e9   Thumb Code    30  stm32f1xx_hal_spi.o(.text)
    SPI_RxISR_16BIT                          0x08002807   Thumb Code    30  stm32f1xx_hal_spi.o(.text)
    SPI_CloseRxTx_ISR                        0x08002827   Thumb Code   158  stm32f1xx_hal_spi.o(.text)
    SPI_2linesTxISR_8BIT                     0x080028c5   Thumb Code    46  stm32f1xx_hal_spi.o(.text)
    SPI_2linesRxISR_8BIT                     0x080028f3   Thumb Code    46  stm32f1xx_hal_spi.o(.text)
    SPI_2linesTxISR_16BIT                    0x08002921   Thumb Code    46  stm32f1xx_hal_spi.o(.text)
    SPI_2linesRxISR_16BIT                    0x0800294f   Thumb Code    46  stm32f1xx_hal_spi.o(.text)
    SPI_DMAError                             0x08002ae9   Thumb Code    34  stm32f1xx_hal_spi.o(.text)
    SPI_DMATransmitCplt                      0x08002b0b   Thumb Code   102  stm32f1xx_hal_spi.o(.text)
    SPI_DMAHalfTransmitCplt                  0x08002b73   Thumb Code    10  stm32f1xx_hal_spi.o(.text)
    SPI_DMAReceiveCplt                       0x08002c4d   Thumb Code   110  stm32f1xx_hal_spi.o(.text)
    SPI_DMAHalfReceiveCplt                   0x08002cbd   Thumb Code    10  stm32f1xx_hal_spi.o(.text)
    SPI_DMATransmitReceiveCplt               0x08002cc7   Thumb Code    92  stm32f1xx_hal_spi.o(.text)
    SPI_DMAHalfTransmitReceiveCplt           0x08002d25   Thumb Code    10  stm32f1xx_hal_spi.o(.text)
    SPI_AbortRx_ISR                          0x08002f73   Thumb Code    82  stm32f1xx_hal_spi.o(.text)
    SPI_AbortTx_ISR                          0x08002fc5   Thumb Code    28  stm32f1xx_hal_spi.o(.text)
    SPI_DMARxAbortCallback                   0x08003105   Thumb Code    98  stm32f1xx_hal_spi.o(.text)
    SPI_DMATxAbortCallback                   0x08003167   Thumb Code   114  stm32f1xx_hal_spi.o(.text)
    SPI_DMAAbortOnError                      0x080033b1   Thumb Code    16  stm32f1xx_hal_spi.o(.text)
    .text                                    0x080034c8   Section        0  stm32f1xx_hal.o(.text)
    .text                                    0x08003650   Section        0  stm32f1xx_hal_rcc.o(.text)
    RCC_Delay                                0x0800374b   Thumb Code    32  stm32f1xx_hal_rcc.o(.text)
    .text                                    0x08003f18   Section        0  stm32f1xx_hal_gpio.o(.text)
    .text                                    0x080042ec   Section        0  stm32f1xx_hal_dma.o(.text)
    DMA_SetConfig                            0x080043fb   Thumb Code    56  stm32f1xx_hal_dma.o(.text)
    .text                                    0x08004f34   Section        0  stm32f1xx_hal_cortex.o(.text)
    .text                                    0x08005158   Section        0  stm32f1xx_hal_flash.o(.text)
    FLASH_SetErrorCode                       0x08005159   Thumb Code    90  stm32f1xx_hal_flash.o(.text)
    FLASH_Program_HalfWord                   0x08005215   Thumb Code    20  stm32f1xx_hal_flash.o(.text)
    .text                                    0x08005498   Section        0  stm32f1xx_hal_flash_ex.o(.text)
    FLASH_MassErase                          0x080054b5   Thumb Code    26  stm32f1xx_hal_flash_ex.o(.text)
    FLASH_OB_RDP_LevelConfig                 0x080055cb   Thumb Code    88  stm32f1xx_hal_flash_ex.o(.text)
    FLASH_OB_GetRDP                          0x08005623   Thumb Code    18  stm32f1xx_hal_flash_ex.o(.text)
    FLASH_OB_ProgramData                     0x0800567d   Thumb Code    52  stm32f1xx_hal_flash_ex.o(.text)
    FLASH_OB_UserConfig                      0x080056b1   Thumb Code    56  stm32f1xx_hal_flash_ex.o(.text)
    FLASH_OB_GetWRP                          0x080056e9   Thumb Code     6  stm32f1xx_hal_flash_ex.o(.text)
    FLASH_OB_DisableWRP                      0x080056ef   Thumb Code   168  stm32f1xx_hal_flash_ex.o(.text)
    FLASH_OB_EnableWRP                       0x08005797   Thumb Code   168  stm32f1xx_hal_flash_ex.o(.text)
    FLASH_OB_GetUser                         0x080058df   Thumb Code    10  stm32f1xx_hal_flash_ex.o(.text)
    .text                                    0x08005924   Section        0  stm32f1xx_hal_uart.o(.text)
    UART_SetConfig                           0x08005925   Thumb Code   194  stm32f1xx_hal_uart.o(.text)
    UART_WaitOnFlagUntilTimeout              0x08005c05   Thumb Code   120  stm32f1xx_hal_uart.o(.text)
    UART_EndRxTransfer                       0x08005eb5   Thumb Code    28  stm32f1xx_hal_uart.o(.text)
    UART_EndTxTransfer                       0x08005ed1   Thumb Code    18  stm32f1xx_hal_uart.o(.text)
    UART_DMAError                            0x08005ee3   Thumb Code    74  stm32f1xx_hal_uart.o(.text)
    UART_DMATxHalfCplt                       0x08005f2f   Thumb Code    10  stm32f1xx_hal_uart.o(.text)
    UART_DMATransmitCplt                     0x08005f3b   Thumb Code    48  stm32f1xx_hal_uart.o(.text)
    UART_DMARxHalfCplt                       0x08005ff7   Thumb Code    10  stm32f1xx_hal_uart.o(.text)
    UART_DMAReceiveCplt                      0x08006003   Thumb Code    62  stm32f1xx_hal_uart.o(.text)
    UART_DMARxAbortCallback                  0x08006337   Thumb Code    44  stm32f1xx_hal_uart.o(.text)
    UART_DMATxAbortCallback                  0x08006363   Thumb Code    66  stm32f1xx_hal_uart.o(.text)
    UART_DMATxOnlyAbortCallback              0x08006459   Thumb Code    20  stm32f1xx_hal_uart.o(.text)
    UART_DMARxOnlyAbortCallback              0x080064cd   Thumb Code    20  stm32f1xx_hal_uart.o(.text)
    UART_EndTransmit_IT                      0x08006549   Thumb Code    26  stm32f1xx_hal_uart.o(.text)
    UART_Transmit_IT                         0x08006563   Thumb Code    94  stm32f1xx_hal_uart.o(.text)
    UART_DMAAbortOnError                     0x080065c1   Thumb Code    16  stm32f1xx_hal_uart.o(.text)
    UART_Receive_IT                          0x080065d1   Thumb Code   146  stm32f1xx_hal_uart.o(.text)
    .text                                    0x080068c0   Section        0  ldiv.o(.text)
    .text                                    0x08006922   Section        0  llushr.o(.text)
    .text                                    0x08006942   Section        0  memseta.o(.text)
    .text                                    0x08006966   Section        0  strcat.o(.text)
    .text                                    0x0800697e   Section        0  strlen.o(.text)
    .text                                    0x0800698c   Section        0  strcpy.o(.text)
    .text                                    0x080069a0   Section        0  strtok.o(.text)
    .text                                    0x080069e4   Section        0  fadd.o(.text)
    .text                                    0x08006a94   Section        0  fmul.o(.text)
    .text                                    0x08006af8   Section        0  dadd.o(.text)
    .text                                    0x08006c46   Section        0  dflti.o(.text)
    .text                                    0x08006c68   Section        0  ffixi.o(.text)
    .text                                    0x08006c9a   Section        0  dfixi.o(.text)
    .text                                    0x08006cd8   Section        0  f2d.o(.text)
    .text                                    0x08006cfe   Section        0  d2f.o(.text)
    .text                                    0x08006d36   Section        0  uidiv.o(.text)
    .text                                    0x08006d62   Section        0  uldiv.o(.text)
    .text                                    0x08006dc4   Section        0  llshl.o(.text)
    .text                                    0x08006de2   Section        0  llsshr.o(.text)
    .text                                    0x08006e08   Section        0  strtod.o(.text)
    _local_sscanf                            0x08006e09   Thumb Code    54  strtod.o(.text)
    .text                                    0x08006ea4   Section        0  iusefp.o(.text)
    .text                                    0x08006ea4   Section        0  fepilogue.o(.text)
    .text                                    0x08006f12   Section        0  depilogue.o(.text)
    .text                                    0x08006fcc   Section        0  dmul.o(.text)
    .text                                    0x080070b0   Section        0  ddiv.o(.text)
    .text                                    0x0800718e   Section        0  dfixul.o(.text)
    .text                                    0x080071c0   Section       48  cdrcmple.o(.text)
    .text                                    0x080071f0   Section       36  init.o(.text)
    .text                                    0x08007214   Section        0  isspace_c.o(.text)
    .text                                    0x08007220   Section        0  scanf_fp.o(.text)
    _fp_value                                0x08007221   Thumb Code   296  scanf_fp.o(.text)
    .text                                    0x08007580   Section        0  _sgetc.o(.text)
    .text                                    0x080075c0   Section        0  ctype_c.o(.text)
    .text                                    0x080075e8   Section        0  dfltul.o(.text)
    .text                                    0x08007600   Section        0  __dczerorl2.o(.text)
    i.__0printf                              0x08007658   Section        0  printfa.o(i.__0printf)
    i.__0sprintf                             0x08007678   Section        0  printfa.o(i.__0sprintf)
    i.__read_errno                           0x080076a0   Section        0  errno.o(i.__read_errno)
    i.__scatterload_copy                     0x080076ac   Section       14  handlers.o(i.__scatterload_copy)
    i.__scatterload_null                     0x080076ba   Section        2  handlers.o(i.__scatterload_null)
    i.__scatterload_zeroinit                 0x080076bc   Section       14  handlers.o(i.__scatterload_zeroinit)
    i.__set_errno                            0x080076cc   Section        0  errno.o(i.__set_errno)
    i._fp_digits                             0x080076d8   Section        0  printfa.o(i._fp_digits)
    _fp_digits                               0x080076d9   Thumb Code   366  printfa.o(i._fp_digits)
    i._is_digit                              0x0800785c   Section        0  scanf_fp.o(i._is_digit)
    i._printf_core                           0x0800786c   Section        0  printfa.o(i._printf_core)
    _printf_core                             0x0800786d   Thumb Code  1704  printfa.o(i._printf_core)
    i._printf_post_padding                   0x08007f20   Section        0  printfa.o(i._printf_post_padding)
    _printf_post_padding                     0x08007f21   Thumb Code    36  printfa.o(i._printf_post_padding)
    i._printf_pre_padding                    0x08007f44   Section        0  printfa.o(i._printf_pre_padding)
    _printf_pre_padding                      0x08007f45   Thumb Code    46  printfa.o(i._printf_pre_padding)
    i._sputc                                 0x08007f72   Section        0  printfa.o(i._sputc)
    _sputc                                   0x08007f73   Thumb Code    10  printfa.o(i._sputc)
    i.atof                                   0x08007f7c   Section        0  atof.o(i.atof)
    i.free                                   0x08007fa8   Section        0  malloc.o(i.free)
    i.malloc                                 0x08007ff8   Section        0  malloc.o(i.malloc)
    .constdata                               0x08008064   Section     1140  font12.o(.constdata)
    .constdata                               0x080084d8   Section     3040  font16.o(.constdata)
    .constdata                               0x080090b8   Section       16  system_stm32f1xx.o(.constdata)
    .constdata                               0x080090c8   Section        8  system_stm32f1xx.o(.constdata)
    .constdata                               0x080090d0   Section       64  ctype_c.o(.constdata)
    .conststring                             0x08009110   Section      233  gui_paint.o(.conststring)
    .data                                    0x20000000   Section       20  main.o(.data)
    .data                                    0x20000014   Section      318  epd_2in13_v3.o(.data)
    .data                                    0x20000154   Section        8  font12.o(.data)
    .data                                    0x2000015c   Section        8  font16.o(.data)
    .data                                    0x20000164   Section        4  system_stm32f1xx.o(.data)
    .data                                    0x20000168   Section       12  stm32f1xx_hal.o(.data)
    .data                                    0x20000174   Section        4  strtok.o(.data)
    state                                    0x20000174   Data           4  strtok.o(.data)
    .data                                    0x20000178   Section        4  stdout.o(.data)
    .data                                    0x2000017c   Section        4  mvars.o(.data)
    .data                                    0x20000180   Section        4  mvars.o(.data)
    .data                                    0x20000184   Section        4  errno.o(.data)
    _errno                                   0x20000184   Data           4  errno.o(.data)
    .bss                                     0x20000188   Section      136  main.o(.bss)
    result                                   0x20000188   Data          21  main.o(.bss)
    .bss                                     0x20000210   Section       88  spi.o(.bss)
    .bss                                     0x20000268   Section       64  usart.o(.bss)
    .bss                                     0x200002a8   Section       24  gui_paint.o(.bss)
    .bss                                     0x200002c0   Section       32  stm32f1xx_hal_flash.o(.bss)
    HEAP                                     0x200002e0   Section    13824  startup_stm32f103xe.o(HEAP)
    STACK                                    0x200038e0   Section    13824  startup_stm32f103xe.o(STACK)

    Global Symbols

    Symbol Name                              Value     Ov Type        Size  Object(Section)

    BuildAttributes$$THM_ISAv4$P$D$K$B$S$PE$A:L22UL41UL21$X:L11$S22US41US21$IEEE1$IW$USESV6$~STKCKD$USESV7$~SHL$OTIME$ROPI$IEEEJ$EBA8$MICROLIB$REQ8$PRES8$EABIv2 0x00000000   Number         0  anon$$obj.o ABSOLUTE
    __ARM_use_no_argv                        0x00000000   Number         0  main.o ABSOLUTE
    _printf_a                                0x00000000   Number         0  stubs.o ABSOLUTE
    _printf_c                                0x00000000   Number         0  stubs.o ABSOLUTE
    _printf_charcount                        0x00000000   Number         0  stubs.o ABSOLUTE
    _printf_d                                0x00000000   Number         0  stubs.o ABSOLUTE
    _printf_e                                0x00000000   Number         0  stubs.o ABSOLUTE
    _printf_f                                0x00000000   Number         0  stubs.o ABSOLUTE
    _printf_flags                            0x00000000   Number         0  stubs.o ABSOLUTE
    _printf_fp_dec                           0x00000000   Number         0  stubs.o ABSOLUTE
    _printf_fp_hex                           0x00000000   Number         0  stubs.o ABSOLUTE
    _printf_g                                0x00000000   Number         0  stubs.o ABSOLUTE
    _printf_i                                0x00000000   Number         0  stubs.o ABSOLUTE
    _printf_int_dec                          0x00000000   Number         0  stubs.o ABSOLUTE
    _printf_l                                0x00000000   Number         0  stubs.o ABSOLUTE
    _printf_lc                               0x00000000   Number         0  stubs.o ABSOLUTE
    _printf_ll                               0x00000000   Number         0  stubs.o ABSOLUTE
    _printf_lld                              0x00000000   Number         0  stubs.o ABSOLUTE
    _printf_lli                              0x00000000   Number         0  stubs.o ABSOLUTE
    _printf_llo                              0x00000000   Number         0  stubs.o ABSOLUTE
    _printf_llu                              0x00000000   Number         0  stubs.o ABSOLUTE
    _printf_llx                              0x00000000   Number         0  stubs.o ABSOLUTE
    _printf_longlong_dec                     0x00000000   Number         0  stubs.o ABSOLUTE
    _printf_longlong_hex                     0x00000000   Number         0  stubs.o ABSOLUTE
    _printf_longlong_oct                     0x00000000   Number         0  stubs.o ABSOLUTE
    _printf_ls                               0x00000000   Number         0  stubs.o ABSOLUTE
    _printf_mbtowc                           0x00000000   Number         0  stubs.o ABSOLUTE
    _printf_n                                0x00000000   Number         0  stubs.o ABSOLUTE
    _printf_o                                0x00000000   Number         0  stubs.o ABSOLUTE
    _printf_p                                0x00000000   Number         0  stubs.o ABSOLUTE
    _printf_percent                          0x00000000   Number         0  stubs.o ABSOLUTE
    _printf_pre_padding                      0x00000000   Number         0  stubs.o ABSOLUTE
    _printf_return_value                     0x00000000   Number         0  stubs.o ABSOLUTE
    _printf_s                                0x00000000   Number         0  stubs.o ABSOLUTE
    _printf_sizespec                         0x00000000   Number         0  stubs.o ABSOLUTE
    _printf_str                              0x00000000   Number         0  stubs.o ABSOLUTE
    _printf_truncate_signed                  0x00000000   Number         0  stubs.o ABSOLUTE
    _printf_truncate_unsigned                0x00000000   Number         0  stubs.o ABSOLUTE
    _printf_u                                0x00000000   Number         0  stubs.o ABSOLUTE
    _printf_wc                               0x00000000   Number         0  stubs.o ABSOLUTE
    _printf_wctomb                           0x00000000   Number         0  stubs.o ABSOLUTE
    _printf_widthprec                        0x00000000   Number         0  stubs.o ABSOLUTE
    _printf_x                                0x00000000   Number         0  stubs.o ABSOLUTE
    __arm_fini_                               - Undefined Weak Reference
    __cpp_initialize__aeabi_                  - Undefined Weak Reference
    __cxa_finalize                            - Undefined Weak Reference
    _clock_init                               - Undefined Weak Reference
    _microlib_exit                            - Undefined Weak Reference
    __Vectors_Size                           0x00000130   Number         0  startup_stm32f103xe.o ABSOLUTE
    __Vectors                                0x08000000   Data           4  startup_stm32f103xe.o(RESET)
    __Vectors_End                            0x08000130   Data           0  startup_stm32f103xe.o(RESET)
    __main                                   0x08000131   Thumb Code     0  entry.o(.ARM.Collect$$$$00000000)
    _main_stk                                0x08000131   Thumb Code     0  entry2.o(.ARM.Collect$$$$00000001)
    _main_scatterload                        0x08000135   Thumb Code     0  entry5.o(.ARM.Collect$$$$00000004)
    __main_after_scatterload                 0x08000139   Thumb Code     0  entry5.o(.ARM.Collect$$$$00000004)
    _main_clock                              0x08000139   Thumb Code     0  entry7b.o(.ARM.Collect$$$$00000008)
    _main_cpp_init                           0x08000139   Thumb Code     0  entry8b.o(.ARM.Collect$$$$0000000A)
    _main_init                               0x08000139   Thumb Code     0  entry9a.o(.ARM.Collect$$$$0000000B)
    __rt_lib_shutdown_fini                   0x08000141   Thumb Code     0  entry12b.o(.ARM.Collect$$$$0000000E)
    __rt_final_cpp                           0x08000145   Thumb Code     0  entry10a.o(.ARM.Collect$$$$0000000F)
    __rt_final_exit                          0x08000145   Thumb Code     0  entry11a.o(.ARM.Collect$$$$00000011)
    Reset_Handler                            0x08000149   Thumb Code     8  startup_stm32f103xe.o(.text)
    ADC1_2_IRQHandler                        0x08000163   Thumb Code     0  startup_stm32f103xe.o(.text)
    ADC3_IRQHandler                          0x08000163   Thumb Code     0  startup_stm32f103xe.o(.text)
    CAN1_RX1_IRQHandler                      0x08000163   Thumb Code     0  startup_stm32f103xe.o(.text)
    CAN1_SCE_IRQHandler                      0x08000163   Thumb Code     0  startup_stm32f103xe.o(.text)
    DMA1_Channel1_IRQHandler                 0x08000163   Thumb Code     0  startup_stm32f103xe.o(.text)
    DMA1_Channel2_IRQHandler                 0x08000163   Thumb Code     0  startup_stm32f103xe.o(.text)
    DMA1_Channel3_IRQHandler                 0x08000163   Thumb Code     0  startup_stm32f103xe.o(.text)
    DMA1_Channel4_IRQHandler                 0x08000163   Thumb Code     0  startup_stm32f103xe.o(.text)
    DMA1_Channel5_IRQHandler                 0x08000163   Thumb Code     0  startup_stm32f103xe.o(.text)
    DMA1_Channel6_IRQHandler                 0x08000163   Thumb Code     0  startup_stm32f103xe.o(.text)
    DMA1_Channel7_IRQHandler                 0x08000163   Thumb Code     0  startup_stm32f103xe.o(.text)
    DMA2_Channel1_IRQHandler                 0x08000163   Thumb Code     0  startup_stm32f103xe.o(.text)
    DMA2_Channel2_IRQHandler                 0x08000163   Thumb Code     0  startup_stm32f103xe.o(.text)
    DMA2_Channel3_IRQHandler                 0x08000163   Thumb Code     0  startup_stm32f103xe.o(.text)
    DMA2_Channel4_5_IRQHandler               0x08000163   Thumb Code     0  startup_stm32f103xe.o(.text)
    EXTI0_IRQHandler                         0x08000163   Thumb Code     0  startup_stm32f103xe.o(.text)
    EXTI15_10_IRQHandler                     0x08000163   Thumb Code     0  startup_stm32f103xe.o(.text)
    EXTI1_IRQHandler                         0x08000163   Thumb Code     0  startup_stm32f103xe.o(.text)
    EXTI2_IRQHandler                         0x08000163   Thumb Code     0  startup_stm32f103xe.o(.text)
    EXTI3_IRQHandler                         0x08000163   Thumb Code     0  startup_stm32f103xe.o(.text)
    EXTI4_IRQHandler                         0x08000163   Thumb Code     0  startup_stm32f103xe.o(.text)
    EXTI9_5_IRQHandler                       0x08000163   Thumb Code     0  startup_stm32f103xe.o(.text)
    FLASH_IRQHandler                         0x08000163   Thumb Code     0  startup_stm32f103xe.o(.text)
    FSMC_IRQHandler                          0x08000163   Thumb Code     0  startup_stm32f103xe.o(.text)
    I2C1_ER_IRQHandler                       0x08000163   Thumb Code     0  startup_stm32f103xe.o(.text)
    I2C1_EV_IRQHandler                       0x08000163   Thumb Code     0  startup_stm32f103xe.o(.text)
    I2C2_ER_IRQHandler                       0x08000163   Thumb Code     0  startup_stm32f103xe.o(.text)
    I2C2_EV_IRQHandler                       0x08000163   Thumb Code     0  startup_stm32f103xe.o(.text)
    PVD_IRQHandler                           0x08000163   Thumb Code     0  startup_stm32f103xe.o(.text)
    RCC_IRQHandler                           0x08000163   Thumb Code     0  startup_stm32f103xe.o(.text)
    RTC_Alarm_IRQHandler                     0x08000163   Thumb Code     0  startup_stm32f103xe.o(.text)
    RTC_IRQHandler                           0x08000163   Thumb Code     0  startup_stm32f103xe.o(.text)
    SDIO_IRQHandler                          0x08000163   Thumb Code     0  startup_stm32f103xe.o(.text)
    SPI1_IRQHandler                          0x08000163   Thumb Code     0  startup_stm32f103xe.o(.text)
    SPI2_IRQHandler                          0x08000163   Thumb Code     0  startup_stm32f103xe.o(.text)
    SPI3_IRQHandler                          0x08000163   Thumb Code     0  startup_stm32f103xe.o(.text)
    TAMPER_IRQHandler                        0x08000163   Thumb Code     0  startup_stm32f103xe.o(.text)
    TIM1_BRK_IRQHandler                      0x08000163   Thumb Code     0  startup_stm32f103xe.o(.text)
    TIM1_CC_IRQHandler                       0x08000163   Thumb Code     0  startup_stm32f103xe.o(.text)
    TIM1_TRG_COM_IRQHandler                  0x08000163   Thumb Code     0  startup_stm32f103xe.o(.text)
    TIM1_UP_IRQHandler                       0x08000163   Thumb Code     0  startup_stm32f103xe.o(.text)
    TIM2_IRQHandler                          0x08000163   Thumb Code     0  startup_stm32f103xe.o(.text)
    TIM3_IRQHandler                          0x08000163   Thumb Code     0  startup_stm32f103xe.o(.text)
    TIM4_IRQHandler                          0x08000163   Thumb Code     0  startup_stm32f103xe.o(.text)
    TIM5_IRQHandler                          0x08000163   Thumb Code     0  startup_stm32f103xe.o(.text)
    TIM6_IRQHandler                          0x08000163   Thumb Code     0  startup_stm32f103xe.o(.text)
    TIM7_IRQHandler                          0x08000163   Thumb Code     0  startup_stm32f103xe.o(.text)
    TIM8_BRK_IRQHandler                      0x08000163   Thumb Code     0  startup_stm32f103xe.o(.text)
    TIM8_CC_IRQHandler                       0x08000163   Thumb Code     0  startup_stm32f103xe.o(.text)
    TIM8_TRG_COM_IRQHandler                  0x08000163   Thumb Code     0  startup_stm32f103xe.o(.text)
    TIM8_UP_IRQHandler                       0x08000163   Thumb Code     0  startup_stm32f103xe.o(.text)
    UART4_IRQHandler                         0x08000163   Thumb Code     0  startup_stm32f103xe.o(.text)
    UART5_IRQHandler                         0x08000163   Thumb Code     0  startup_stm32f103xe.o(.text)
    USART1_IRQHandler                        0x08000163   Thumb Code     0  startup_stm32f103xe.o(.text)
    USART2_IRQHandler                        0x08000163   Thumb Code     0  startup_stm32f103xe.o(.text)
    USART3_IRQHandler                        0x08000163   Thumb Code     0  startup_stm32f103xe.o(.text)
    USBWakeUp_IRQHandler                     0x08000163   Thumb Code     0  startup_stm32f103xe.o(.text)
    USB_HP_CAN1_TX_IRQHandler                0x08000163   Thumb Code     0  startup_stm32f103xe.o(.text)
    USB_LP_CAN1_RX0_IRQHandler               0x08000163   Thumb Code     0  startup_stm32f103xe.o(.text)
    WWDG_IRQHandler                          0x08000163   Thumb Code     0  startup_stm32f103xe.o(.text)
    uint64_to_string                         0x0800016d   Thumb Code    78  main.o(.text)
    save_to_flash                            0x080001bb   Thumb Code   230  main.o(.text)
    read_flash                               0x080002a1   Thumb Code    60  main.o(.text)
    GetDifference                            0x080002dd   Thumb Code    70  main.o(.text)
    Error_Handler                            0x08000323   Thumb Code     8  main.o(.text)
    SystemClock_Config                       0x0800032b   Thumb Code    88  main.o(.text)
    main                                     0x08000383   Thumb Code   338  main.o(.text)
    MX_GPIO_Init                             0x08000525   Thumb Code    86  gpio.o(.text)
    MX_SPI1_Init                             0x08000585   Thumb Code    62  spi.o(.text)
    HAL_SPI_MspInit                          0x080005c3   Thumb Code    80  spi.o(.text)
    HAL_SPI_MspDeInit                        0x08000613   Thumb Code    28  spi.o(.text)
    MX_USART1_UART_Init                      0x08000641   Thumb Code    48  usart.o(.text)
    HAL_UART_MspInit                         0x08000671   Thumb Code   100  usart.o(.text)
    HAL_UART_MspDeInit                       0x080006d5   Thumb Code    30  usart.o(.text)
    fputc                                    0x080006f3   Thumb Code    20  usart.o(.text)
    NMI_Handler                              0x08000719   Thumb Code     2  stm32f1xx_it.o(.text)
    HardFault_Handler                        0x0800071b   Thumb Code     8  stm32f1xx_it.o(.text)
    MemManage_Handler                        0x08000723   Thumb Code     2  stm32f1xx_it.o(.text)
    BusFault_Handler                         0x08000725   Thumb Code     2  stm32f1xx_it.o(.text)
    UsageFault_Handler                       0x08000727   Thumb Code     2  stm32f1xx_it.o(.text)
    SVC_Handler                              0x08000729   Thumb Code     2  stm32f1xx_it.o(.text)
    DebugMon_Handler                         0x0800072b   Thumb Code     2  stm32f1xx_it.o(.text)
    PendSV_Handler                           0x0800072d   Thumb Code     2  stm32f1xx_it.o(.text)
    SysTick_Handler                          0x0800072f   Thumb Code     4  stm32f1xx_it.o(.text)
    HAL_MspInit                              0x08000749   Thumb Code    52  stm32f1xx_hal_msp.o(.text)
    EPD_test                                 0x08000785   Thumb Code   314  epd_2in13_v3_test.o(.text)
    EPD_2in13_V3_ReadBusy                    0x080009c9   Thumb Code    46  epd_2in13_v3.o(.text)
    EPD_2in13_V3_Init                        0x08000a9b   Thumb Code   182  epd_2in13_v3.o(.text)
    EPD_2in13_V3_Clear                       0x08000b51   Thumb Code    48  epd_2in13_v3.o(.text)
    EPD_2in13_V3_Display                     0x08000b81   Thumb Code    62  epd_2in13_v3.o(.text)
    EPD_2in13_V3_Display_Base                0x08000bbf   Thumb Code   100  epd_2in13_v3.o(.text)
    EPD_2in13_V3_Display_Partial             0x08000c23   Thumb Code   232  epd_2in13_v3.o(.text)
    EPD_2in13_V3_Sleep                       0x08000d0b   Thumb Code    24  epd_2in13_v3.o(.text)
    DEV_SPI_WriteByte                        0x08000e01   Thumb Code    18  dev_config.o(.text)
    DEV_Module_Init                          0x08000e13   Thumb Code    38  dev_config.o(.text)
    DEV_Module_Exit                          0x08000e39   Thumb Code    38  dev_config.o(.text)
    Paint_NewImage                           0x08000e69   Thumb Code    56  gui_paint.o(.text)
    Paint_SelectImage                        0x08000ea1   Thumb Code     6  gui_paint.o(.text)
    Paint_SetRotate                          0x08000ea7   Thumb Code    44  gui_paint.o(.text)
    Paint_SetScale                           0x08000ed3   Thumb Code    80  gui_paint.o(.text)
    Paint_SetMirroring                       0x08000f23   Thumb Code    62  gui_paint.o(.text)
    Paint_SetPixel                           0x08000f61   Thumb Code   238  gui_paint.o(.text)
    Paint_Clear                              0x0800104f   Thumb Code   156  gui_paint.o(.text)
    Paint_ClearWindows                       0x080010eb   Thumb Code    52  gui_paint.o(.text)
    Paint_DrawPoint                          0x0800111f   Thumb Code   180  gui_paint.o(.text)
    Paint_DrawLine                           0x080011d3   Thumb Code   662  gui_paint.o(.text)
    Paint_DrawRectangle                      0x08001469   Thumb Code   170  gui_paint.o(.text)
    Paint_DrawCircle                         0x08001513   Thumb Code   528  gui_paint.o(.text)
    Paint_DrawChar                           0x08001723   Thumb Code   172  gui_paint.o(.text)
    Paint_DrawString_EN                      0x080017cf   Thumb Code   116  gui_paint.o(.text)
    Paint_DrawString_CN                      0x08001843   Thumb Code   518  gui_paint.o(.text)
    Paint_DrawNum                            0x08001a49   Thumb Code   140  gui_paint.o(.text)
    Paint_DrawNumDecimals                    0x08001ad5   Thumb Code   258  gui_paint.o(.text)
    Paint_DrawTime                           0x08001bd7   Thumb Code   282  gui_paint.o(.text)
    Paint_DrawBitMap                         0x08001cf1   Thumb Code    44  gui_paint.o(.text)
    Paint_DrawBitMap_Paste                   0x08001d1d   Thumb Code   198  gui_paint.o(.text)
    Paint_DrawBitMap_Block                   0x08001de3   Thumb Code    54  gui_paint.o(.text)
    SystemInit                               0x08001e1d   Thumb Code    60  system_stm32f1xx.o(.text)
    SystemCoreClockUpdate                    0x08001e59   Thumb Code   108  system_stm32f1xx.o(.text)
    HAL_SPI_Init                             0x08001ee3   Thumb Code   180  stm32f1xx_hal_spi.o(.text)
    HAL_SPI_DeInit                           0x08001f99   Thumb Code    48  stm32f1xx_hal_spi.o(.text)
    HAL_SPI_Transmit                         0x080020bf   Thumb Code   412  stm32f1xx_hal_spi.o(.text)
    HAL_SPI_TransmitReceive                  0x080022cb   Thumb Code   510  stm32f1xx_hal_spi.o(.text)
    HAL_SPI_Receive                          0x080024c9   Thumb Code   366  stm32f1xx_hal_spi.o(.text)
    HAL_SPI_TxCpltCallback                   0x08002637   Thumb Code     2  stm32f1xx_hal_spi.o(.text)
    HAL_SPI_ErrorCallback                    0x08002639   Thumb Code     2  stm32f1xx_hal_spi.o(.text)
    HAL_SPI_Transmit_IT                      0x080026f9   Thumb Code   162  stm32f1xx_hal_spi.o(.text)
    HAL_SPI_RxCpltCallback                   0x0800279b   Thumb Code     2  stm32f1xx_hal_spi.o(.text)
    HAL_SPI_TxRxCpltCallback                 0x08002825   Thumb Code     2  stm32f1xx_hal_spi.o(.text)
    HAL_SPI_TransmitReceive_IT               0x0800297d   Thumb Code   188  stm32f1xx_hal_spi.o(.text)
    HAL_SPI_Receive_IT                       0x08002a39   Thumb Code   176  stm32f1xx_hal_spi.o(.text)
    HAL_SPI_TxHalfCpltCallback               0x08002b71   Thumb Code     2  stm32f1xx_hal_spi.o(.text)
    HAL_SPI_Transmit_DMA                     0x08002b7d   Thumb Code   208  stm32f1xx_hal_spi.o(.text)
    HAL_SPI_RxHalfCpltCallback               0x08002cbb   Thumb Code     2  stm32f1xx_hal_spi.o(.text)
    HAL_SPI_TxRxHalfCpltCallback             0x08002d23   Thumb Code     2  stm32f1xx_hal_spi.o(.text)
    HAL_SPI_TransmitReceive_DMA              0x08002d2f   Thumb Code   302  stm32f1xx_hal_spi.o(.text)
    HAL_SPI_Receive_DMA                      0x08002e5d   Thumb Code   278  stm32f1xx_hal_spi.o(.text)
    HAL_SPI_Abort                            0x08002fe1   Thumb Code   290  stm32f1xx_hal_spi.o(.text)
    HAL_SPI_AbortCpltCallback                0x08003103   Thumb Code     2  stm32f1xx_hal_spi.o(.text)
    HAL_SPI_Abort_IT                         0x080031d9   Thumb Code   328  stm32f1xx_hal_spi.o(.text)
    HAL_SPI_DMAPause                         0x08003321   Thumb Code    38  stm32f1xx_hal_spi.o(.text)
    HAL_SPI_DMAResume                        0x08003347   Thumb Code    38  stm32f1xx_hal_spi.o(.text)
    HAL_SPI_DMAStop                          0x0800336d   Thumb Code    68  stm32f1xx_hal_spi.o(.text)
    HAL_SPI_IRQHandler                       0x080033c1   Thumb Code   250  stm32f1xx_hal_spi.o(.text)
    HAL_SPI_GetState                         0x080034bb   Thumb Code     6  stm32f1xx_hal_spi.o(.text)
    HAL_SPI_GetError                         0x080034c1   Thumb Code     4  stm32f1xx_hal_spi.o(.text)
    HAL_InitTick                             0x080034cb   Thumb Code    58  stm32f1xx_hal.o(.text)
    HAL_Init                                 0x08003505   Thumb Code    32  stm32f1xx_hal.o(.text)
    HAL_MspDeInit                            0x08003525   Thumb Code     2  stm32f1xx_hal.o(.text)
    HAL_DeInit                               0x08003527   Thumb Code    26  stm32f1xx_hal.o(.text)
    HAL_IncTick                              0x08003541   Thumb Code    12  stm32f1xx_hal.o(.text)
    HAL_GetTick                              0x0800354d   Thumb Code     6  stm32f1xx_hal.o(.text)
    HAL_GetTickPrio                          0x08003553   Thumb Code     6  stm32f1xx_hal.o(.text)
    HAL_SetTickFreq                          0x08003559   Thumb Code    30  stm32f1xx_hal.o(.text)
    HAL_GetTickFreq                          0x08003577   Thumb Code     6  stm32f1xx_hal.o(.text)
    HAL_Delay                                0x0800357d   Thumb Code    34  stm32f1xx_hal.o(.text)
    HAL_SuspendTick                          0x0800359f   Thumb Code    14  stm32f1xx_hal.o(.text)
    HAL_ResumeTick                           0x080035ad   Thumb Code    14  stm32f1xx_hal.o(.text)
    HAL_GetHalVersion                        0x080035bb   Thumb Code     4  stm32f1xx_hal.o(.text)
    HAL_GetREVID                             0x080035bf   Thumb Code     8  stm32f1xx_hal.o(.text)
    HAL_GetDEVID                             0x080035c7   Thumb Code    10  stm32f1xx_hal.o(.text)
    HAL_GetUIDw0                             0x080035d1   Thumb Code     6  stm32f1xx_hal.o(.text)
    HAL_GetUIDw1                             0x080035d7   Thumb Code     6  stm32f1xx_hal.o(.text)
    HAL_GetUIDw2                             0x080035dd   Thumb Code     6  stm32f1xx_hal.o(.text)
    HAL_DBGMCU_EnableDBGSleepMode            0x080035e3   Thumb Code    12  stm32f1xx_hal.o(.text)
    HAL_DBGMCU_DisableDBGSleepMode           0x080035ef   Thumb Code    12  stm32f1xx_hal.o(.text)
    HAL_DBGMCU_EnableDBGStopMode             0x080035fb   Thumb Code    12  stm32f1xx_hal.o(.text)
    HAL_DBGMCU_DisableDBGStopMode            0x08003607   Thumb Code    12  stm32f1xx_hal.o(.text)
    HAL_DBGMCU_EnableDBGStandbyMode          0x08003613   Thumb Code    12  stm32f1xx_hal.o(.text)
    HAL_DBGMCU_DisableDBGStandbyMode         0x0800361f   Thumb Code    12  stm32f1xx_hal.o(.text)
    HAL_RCC_DeInit                           0x08003651   Thumb Code   250  stm32f1xx_hal_rcc.o(.text)
    HAL_RCC_OscConfig                        0x0800376b   Thumb Code  1080  stm32f1xx_hal_rcc.o(.text)
    HAL_RCC_GetSysClockFreq                  0x08003ba3   Thumb Code    88  stm32f1xx_hal_rcc.o(.text)
    HAL_RCC_ClockConfig                      0x08003bfb   Thumb Code   364  stm32f1xx_hal_rcc.o(.text)
    HAL_RCC_MCOConfig                        0x08003d67   Thumb Code    64  stm32f1xx_hal_rcc.o(.text)
    HAL_RCC_EnableCSS                        0x08003da7   Thumb Code     8  stm32f1xx_hal_rcc.o(.text)
    HAL_RCC_DisableCSS                       0x08003daf   Thumb Code     8  stm32f1xx_hal_rcc.o(.text)
    HAL_RCC_GetHCLKFreq                      0x08003db7   Thumb Code     6  stm32f1xx_hal_rcc.o(.text)
    HAL_RCC_GetPCLK1Freq                     0x08003dbd   Thumb Code    22  stm32f1xx_hal_rcc.o(.text)
    HAL_RCC_GetPCLK2Freq                     0x08003dd3   Thumb Code    22  stm32f1xx_hal_rcc.o(.text)
    HAL_RCC_GetOscConfig                     0x08003de9   Thumb Code   168  stm32f1xx_hal_rcc.o(.text)
    HAL_RCC_GetClockConfig                   0x08003e91   Thumb Code    52  stm32f1xx_hal_rcc.o(.text)
    HAL_RCC_CSSCallback                      0x08003ec5   Thumb Code     2  stm32f1xx_hal_rcc.o(.text)
    HAL_RCC_NMI_IRQHandler                   0x08003ec7   Thumb Code    22  stm32f1xx_hal_rcc.o(.text)
    HAL_GPIO_Init                            0x08003f19   Thumb Code   524  stm32f1xx_hal_gpio.o(.text)
    HAL_GPIO_DeInit                          0x08004125   Thumb Code   320  stm32f1xx_hal_gpio.o(.text)
    HAL_GPIO_ReadPin                         0x08004265   Thumb Code    14  stm32f1xx_hal_gpio.o(.text)
    HAL_GPIO_WritePin                        0x08004273   Thumb Code    14  stm32f1xx_hal_gpio.o(.text)
    HAL_GPIO_TogglePin                       0x08004281   Thumb Code    16  stm32f1xx_hal_gpio.o(.text)
    HAL_GPIO_LockPin                         0x08004291   Thumb Code    42  stm32f1xx_hal_gpio.o(.text)
    HAL_GPIO_EXTI_Callback                   0x080042bb   Thumb Code     2  stm32f1xx_hal_gpio.o(.text)
    HAL_GPIO_EXTI_IRQHandler                 0x080042bd   Thumb Code    18  stm32f1xx_hal_gpio.o(.text)
    HAL_DMA_Init                             0x080042ed   Thumb Code   144  stm32f1xx_hal_dma.o(.text)
    HAL_DMA_DeInit                           0x0800437d   Thumb Code   126  stm32f1xx_hal_dma.o(.text)
    HAL_DMA_Start                            0x08004433   Thumb Code    88  stm32f1xx_hal_dma.o(.text)
    HAL_DMA_Start_IT                         0x0800448b   Thumb Code   124  stm32f1xx_hal_dma.o(.text)
    HAL_DMA_Abort                            0x08004507   Thumb Code    72  stm32f1xx_hal_dma.o(.text)
    HAL_DMA_Abort_IT                         0x0800454f   Thumb Code   318  stm32f1xx_hal_dma.o(.text)
    HAL_DMA_PollForTransfer                  0x0800468d   Thumb Code  1316  stm32f1xx_hal_dma.o(.text)
    HAL_DMA_IRQHandler                       0x08004bb1   Thumb Code   672  stm32f1xx_hal_dma.o(.text)
    HAL_DMA_RegisterCallback                 0x08004e51   Thumb Code    80  stm32f1xx_hal_dma.o(.text)
    HAL_DMA_UnRegisterCallback               0x08004ea1   Thumb Code    86  stm32f1xx_hal_dma.o(.text)
    HAL_DMA_GetState                         0x08004ef7   Thumb Code     6  stm32f1xx_hal_dma.o(.text)
    HAL_DMA_GetError                         0x08004efd   Thumb Code     4  stm32f1xx_hal_dma.o(.text)
    HAL_NVIC_SetPriorityGrouping             0x08004f35   Thumb Code    30  stm32f1xx_hal_cortex.o(.text)
    HAL_NVIC_SetPriority                     0x08004f53   Thumb Code    98  stm32f1xx_hal_cortex.o(.text)
    HAL_NVIC_EnableIRQ                       0x08004fb5   Thumb Code    28  stm32f1xx_hal_cortex.o(.text)
    HAL_NVIC_DisableIRQ                      0x08004fd1   Thumb Code    36  stm32f1xx_hal_cortex.o(.text)
    HAL_NVIC_SystemReset                     0x08004ff5   Thumb Code    26  stm32f1xx_hal_cortex.o(.text)
    HAL_SYSTICK_Config                       0x0800500f   Thumb Code    36  stm32f1xx_hal_cortex.o(.text)
    HAL_NVIC_GetPriorityGrouping             0x08005033   Thumb Code    10  stm32f1xx_hal_cortex.o(.text)
    HAL_NVIC_GetPriority                     0x0800503d   Thumb Code    94  stm32f1xx_hal_cortex.o(.text)
    HAL_NVIC_SetPendingIRQ                   0x0800509b   Thumb Code    28  stm32f1xx_hal_cortex.o(.text)
    HAL_NVIC_GetPendingIRQ                   0x080050b7   Thumb Code    42  stm32f1xx_hal_cortex.o(.text)
    HAL_NVIC_ClearPendingIRQ                 0x080050e1   Thumb Code    28  stm32f1xx_hal_cortex.o(.text)
    HAL_NVIC_GetActive                       0x080050fd   Thumb Code    42  stm32f1xx_hal_cortex.o(.text)
    HAL_SYSTICK_CLKSourceConfig              0x08005127   Thumb Code    28  stm32f1xx_hal_cortex.o(.text)
    HAL_SYSTICK_Callback                     0x08005143   Thumb Code     2  stm32f1xx_hal_cortex.o(.text)
    HAL_SYSTICK_IRQHandler                   0x08005145   Thumb Code     8  stm32f1xx_hal_cortex.o(.text)
    FLASH_WaitForLastOperation               0x080051b3   Thumb Code    98  stm32f1xx_hal_flash.o(.text)
    HAL_FLASH_Program                        0x08005229   Thumb Code   138  stm32f1xx_hal_flash.o(.text)
    HAL_FLASH_Program_IT                     0x080052b3   Thumb Code    94  stm32f1xx_hal_flash.o(.text)
    HAL_FLASH_EndOfOperationCallback         0x08005311   Thumb Code     2  stm32f1xx_hal_flash.o(.text)
    HAL_FLASH_OperationErrorCallback         0x08005313   Thumb Code     2  stm32f1xx_hal_flash.o(.text)
    HAL_FLASH_IRQHandler                     0x08005315   Thumb Code   276  stm32f1xx_hal_flash.o(.text)
    HAL_FLASH_Unlock                         0x08005429   Thumb Code    32  stm32f1xx_hal_flash.o(.text)
    HAL_FLASH_Lock                           0x08005449   Thumb Code    14  stm32f1xx_hal_flash.o(.text)
    HAL_FLASH_OB_Unlock                      0x08005457   Thumb Code    26  stm32f1xx_hal_flash.o(.text)
    HAL_FLASH_OB_Lock                        0x08005471   Thumb Code    14  stm32f1xx_hal_flash.o(.text)
    HAL_FLASH_OB_Launch                      0x0800547f   Thumb Code     4  stm32f1xx_hal_flash.o(.text)
    HAL_FLASH_GetError                       0x08005483   Thumb Code     6  stm32f1xx_hal_flash.o(.text)
    FLASH_PageErase                          0x08005499   Thumb Code    28  stm32f1xx_hal_flash_ex.o(.text)
    HAL_FLASHEx_Erase                        0x080054cf   Thumb Code   172  stm32f1xx_hal_flash_ex.o(.text)
    HAL_FLASHEx_Erase_IT                     0x0800557b   Thumb Code    80  stm32f1xx_hal_flash_ex.o(.text)
    HAL_FLASHEx_OBErase                      0x08005635   Thumb Code    72  stm32f1xx_hal_flash_ex.o(.text)
    HAL_FLASHEx_OBProgram                    0x0800583f   Thumb Code   160  stm32f1xx_hal_flash_ex.o(.text)
    HAL_FLASHEx_OBGetConfig                  0x080058e9   Thumb Code    28  stm32f1xx_hal_flash_ex.o(.text)
    HAL_FLASHEx_OBGetUserData                0x08005905   Thumb Code    24  stm32f1xx_hal_flash_ex.o(.text)
    HAL_UART_Init                            0x080059e9   Thumb Code   100  stm32f1xx_hal_uart.o(.text)
    HAL_HalfDuplex_Init                      0x08005a4d   Thumb Code   110  stm32f1xx_hal_uart.o(.text)
    HAL_LIN_Init                             0x08005abb   Thumb Code   130  stm32f1xx_hal_uart.o(.text)
    HAL_MultiProcessor_Init                  0x08005b3d   Thumb Code   146  stm32f1xx_hal_uart.o(.text)
    HAL_UART_DeInit                          0x08005bd1   Thumb Code    52  stm32f1xx_hal_uart.o(.text)
    HAL_UART_Transmit                        0x08005c7d   Thumb Code   202  stm32f1xx_hal_uart.o(.text)
    HAL_UART_Receive                         0x08005d47   Thumb Code   212  stm32f1xx_hal_uart.o(.text)
    HAL_UART_Transmit_IT                     0x08005e1b   Thumb Code    66  stm32f1xx_hal_uart.o(.text)
    HAL_UART_Receive_IT                      0x08005e5d   Thumb Code    86  stm32f1xx_hal_uart.o(.text)
    HAL_UART_ErrorCallback                   0x08005eb3   Thumb Code     2  stm32f1xx_hal_uart.o(.text)
    HAL_UART_TxHalfCpltCallback              0x08005f2d   Thumb Code     2  stm32f1xx_hal_uart.o(.text)
    HAL_UART_TxCpltCallback                  0x08005f39   Thumb Code     2  stm32f1xx_hal_uart.o(.text)
    HAL_UART_Transmit_DMA                    0x08005f6b   Thumb Code   138  stm32f1xx_hal_uart.o(.text)
    HAL_UART_RxHalfCpltCallback              0x08005ff5   Thumb Code     2  stm32f1xx_hal_uart.o(.text)
    HAL_UART_RxCpltCallback                  0x08006001   Thumb Code     2  stm32f1xx_hal_uart.o(.text)
    HAL_UART_Receive_DMA                     0x08006041   Thumb Code   150  stm32f1xx_hal_uart.o(.text)
    HAL_UART_DMAPause                        0x080060d7   Thumb Code   102  stm32f1xx_hal_uart.o(.text)
    HAL_UART_DMAResume                       0x0800613d   Thumb Code    98  stm32f1xx_hal_uart.o(.text)
    HAL_UART_DMAStop                         0x0800619f   Thumb Code    88  stm32f1xx_hal_uart.o(.text)
    HAL_UART_Abort                           0x080061f7   Thumb Code   148  stm32f1xx_hal_uart.o(.text)
    HAL_UART_AbortTransmit                   0x0800628b   Thumb Code    80  stm32f1xx_hal_uart.o(.text)
    HAL_UART_AbortReceive                    0x080062db   Thumb Code    90  stm32f1xx_hal_uart.o(.text)
    HAL_UART_AbortCpltCallback               0x08006335   Thumb Code     2  stm32f1xx_hal_uart.o(.text)
    HAL_UART_Abort_IT                        0x080063a5   Thumb Code   178  stm32f1xx_hal_uart.o(.text)
    HAL_UART_AbortTransmitCpltCallback       0x08006457   Thumb Code     2  stm32f1xx_hal_uart.o(.text)
    HAL_UART_AbortTransmit_IT                0x0800646d   Thumb Code    94  stm32f1xx_hal_uart.o(.text)
    HAL_UART_AbortReceiveCpltCallback        0x080064cb   Thumb Code     2  stm32f1xx_hal_uart.o(.text)
    HAL_UART_AbortReceive_IT                 0x080064e1   Thumb Code   104  stm32f1xx_hal_uart.o(.text)
    HAL_UART_IRQHandler                      0x08006663   Thumb Code   312  stm32f1xx_hal_uart.o(.text)
    HAL_LIN_SendBreak                        0x0800679b   Thumb Code    70  stm32f1xx_hal_uart.o(.text)
    HAL_MultiProcessor_EnterMuteMode         0x080067e1   Thumb Code    50  stm32f1xx_hal_uart.o(.text)
    HAL_MultiProcessor_ExitMuteMode          0x08006813   Thumb Code    50  stm32f1xx_hal_uart.o(.text)
    HAL_HalfDuplex_EnableTransmitter         0x08006845   Thumb Code    54  stm32f1xx_hal_uart.o(.text)
    HAL_HalfDuplex_EnableReceiver            0x0800687b   Thumb Code    54  stm32f1xx_hal_uart.o(.text)
    HAL_UART_GetState                        0x080068b1   Thumb Code    12  stm32f1xx_hal_uart.o(.text)
    HAL_UART_GetError                        0x080068bd   Thumb Code     4  stm32f1xx_hal_uart.o(.text)
    __aeabi_ldivmod                          0x080068c1   Thumb Code    98  ldiv.o(.text)
    __aeabi_llsr                             0x08006923   Thumb Code    32  llushr.o(.text)
    _ll_ushift_r                             0x08006923   Thumb Code     0  llushr.o(.text)
    __aeabi_memset                           0x08006943   Thumb Code    14  memseta.o(.text)
    __aeabi_memset4                          0x08006943   Thumb Code     0  memseta.o(.text)
    __aeabi_memset8                          0x08006943   Thumb Code     0  memseta.o(.text)
    __aeabi_memclr                           0x08006951   Thumb Code     4  memseta.o(.text)
    __aeabi_memclr4                          0x08006951   Thumb Code     0  memseta.o(.text)
    __aeabi_memclr8                          0x08006951   Thumb Code     0  memseta.o(.text)
    _memset$wrapper                          0x08006955   Thumb Code    18  memseta.o(.text)
    strcat                                   0x08006967   Thumb Code    24  strcat.o(.text)
    strlen                                   0x0800697f   Thumb Code    14  strlen.o(.text)
    strcpy                                   0x0800698d   Thumb Code    18  strcpy.o(.text)
    strtok                                   0x080069a1   Thumb Code    62  strtok.o(.text)
    __aeabi_fadd                             0x080069e5   Thumb Code   164  fadd.o(.text)
    __aeabi_fsub                             0x08006a89   Thumb Code     6  fadd.o(.text)
    __aeabi_frsub                            0x08006a8f   Thumb Code     6  fadd.o(.text)
    __aeabi_fmul                             0x08006a95   Thumb Code   100  fmul.o(.text)
    __aeabi_dadd                             0x08006af9   Thumb Code   322  dadd.o(.text)
    __aeabi_dsub                             0x08006c3b   Thumb Code     6  dadd.o(.text)
    __aeabi_drsub                            0x08006c41   Thumb Code     6  dadd.o(.text)
    __aeabi_i2d                              0x08006c47   Thumb Code    34  dflti.o(.text)
    __aeabi_f2iz                             0x08006c69   Thumb Code    50  ffixi.o(.text)
    __aeabi_d2iz                             0x08006c9b   Thumb Code    62  dfixi.o(.text)
    __aeabi_f2d                              0x08006cd9   Thumb Code    38  f2d.o(.text)
    __aeabi_d2f                              0x08006cff   Thumb Code    56  d2f.o(.text)
    __aeabi_uidiv                            0x08006d37   Thumb Code     0  uidiv.o(.text)
    __aeabi_uidivmod                         0x08006d37   Thumb Code    44  uidiv.o(.text)
    __aeabi_uldivmod                         0x08006d63   Thumb Code    98  uldiv.o(.text)
    __aeabi_llsl                             0x08006dc5   Thumb Code    30  llshl.o(.text)
    _ll_shift_l                              0x08006dc5   Thumb Code     0  llshl.o(.text)
    __aeabi_lasr                             0x08006de3   Thumb Code    36  llsshr.o(.text)
    _ll_sshift_r                             0x08006de3   Thumb Code     0  llsshr.o(.text)
    __strtod_int                             0x08006e3f   Thumb Code    90  strtod.o(.text)
    __I$use$fp                               0x08006ea5   Thumb Code     0  iusefp.o(.text)
    _float_round                             0x08006ea5   Thumb Code    18  fepilogue.o(.text)
    _float_epilogue                          0x08006eb7   Thumb Code    92  fepilogue.o(.text)
    _double_round                            0x08006f13   Thumb Code    30  depilogue.o(.text)
    _double_epilogue                         0x08006f31   Thumb Code   156  depilogue.o(.text)
    __aeabi_dmul                             0x08006fcd   Thumb Code   228  dmul.o(.text)
    __aeabi_ddiv                             0x080070b1   Thumb Code   222  ddiv.o(.text)
    __aeabi_d2ulz                            0x0800718f   Thumb Code    48  dfixul.o(.text)
    __aeabi_cdrcmple                         0x080071c1   Thumb Code    48  cdrcmple.o(.text)
    __scatterload                            0x080071f1   Thumb Code    28  init.o(.text)
    __scatterload_rt2                        0x080071f1   Thumb Code     0  init.o(.text)
    isspace                                  0x08007215   Thumb Code    10  isspace_c.o(.text)
    _scanf_real                              0x08007349   Thumb Code     0  scanf_fp.o(.text)
    _scanf_really_real                       0x08007349   Thumb Code   556  scanf_fp.o(.text)
    _sgetc                                   0x08007581   Thumb Code    30  _sgetc.o(.text)
    _sbackspace                              0x0800759f   Thumb Code    34  _sgetc.o(.text)
    __ctype_lookup                           0x080075c1   Thumb Code    34  ctype_c.o(.text)
    __aeabi_ul2d                             0x080075e9   Thumb Code    24  dfltul.o(.text)
    __decompress                             0x08007601   Thumb Code     0  __dczerorl2.o(.text)
    __decompress1                            0x08007601   Thumb Code    86  __dczerorl2.o(.text)
    __0printf                                0x08007659   Thumb Code    22  printfa.o(i.__0printf)
    __1printf                                0x08007659   Thumb Code     0  printfa.o(i.__0printf)
    __2printf                                0x08007659   Thumb Code     0  printfa.o(i.__0printf)
    __c89printf                              0x08007659   Thumb Code     0  printfa.o(i.__0printf)
    printf                                   0x08007659   Thumb Code     0  printfa.o(i.__0printf)
    __0sprintf                               0x08007679   Thumb Code    34  printfa.o(i.__0sprintf)
    __1sprintf                               0x08007679   Thumb Code     0  printfa.o(i.__0sprintf)
    __2sprintf                               0x08007679   Thumb Code     0  printfa.o(i.__0sprintf)
    __c89sprintf                             0x08007679   Thumb Code     0  printfa.o(i.__0sprintf)
    sprintf                                  0x08007679   Thumb Code     0  printfa.o(i.__0sprintf)
    __read_errno                             0x080076a1   Thumb Code     6  errno.o(i.__read_errno)
    __scatterload_copy                       0x080076ad   Thumb Code    14  handlers.o(i.__scatterload_copy)
    __scatterload_null                       0x080076bb   Thumb Code     2  handlers.o(i.__scatterload_null)
    __scatterload_zeroinit                   0x080076bd   Thumb Code    14  handlers.o(i.__scatterload_zeroinit)
    __set_errno                              0x080076cd   Thumb Code     6  errno.o(i.__set_errno)
    _is_digit                                0x0800785d   Thumb Code    14  scanf_fp.o(i._is_digit)
    atof                                     0x08007f7d   Thumb Code    42  atof.o(i.atof)
    free                                     0x08007fa9   Thumb Code    76  malloc.o(i.free)
    malloc                                   0x08007ff9   Thumb Code    92  malloc.o(i.malloc)
    Font12_Table                             0x08008064   Data        1140  font12.o(.constdata)
    Font16_Table                             0x080084d8   Data        3040  font16.o(.constdata)
    AHBPrescTable                            0x080090b8   Data          16  system_stm32f1xx.o(.constdata)
    APBPrescTable                            0x080090c8   Data           8  system_stm32f1xx.o(.constdata)
    __ctype_categories                       0x080090d0   Data          64  ctype_c.o(.constdata)
    Region$$Table$$Base                      0x080091fc   Number         0  anon$$obj.o(Region$$Table)
    Region$$Table$$Limit                     0x0800921c   Number         0  anon$$obj.o(Region$$Table)
    all                                      0x20000000   Data           4  main.o(.data)
    convert_rx_buff                          0x20000004   Data           4  main.o(.data)
    rx_buffer1                               0x20000008   Data           4  main.o(.data)
    rx_buffer2                               0x2000000c   Data           4  main.o(.data)
    a                                        0x20000010   Data           4  main.o(.data)
    WF_PARTIAL_2IN13_V3                      0x20000014   Data         159  epd_2in13_v3.o(.data)
    WS_20_30_2IN13_V3                        0x200000b3   Data         159  epd_2in13_v3.o(.data)
    Font12                                   0x20000154   Data           8  font12.o(.data)
    Font16                                   0x2000015c   Data           8  font16.o(.data)
    SystemCoreClock                          0x20000164   Data           4  system_stm32f1xx.o(.data)
    uwTickFreq                               0x20000168   Data           1  stm32f1xx_hal.o(.data)
    uwTickPrio                               0x2000016c   Data           4  stm32f1xx_hal.o(.data)
    uwTick                                   0x20000170   Data           4  stm32f1xx_hal.o(.data)
    __stdout                                 0x20000178   Data           4  stdout.o(.data)
    __microlib_freelist                      0x2000017c   Data           4  mvars.o(.data)
    __microlib_freelist_initialised          0x20000180   Data           4  mvars.o(.data)
    Dataa                                    0x2000019d   Data          50  main.o(.bss)
    Dataa_per                                0x200001cf   Data          20  main.o(.bss)
    Dataa_fremem                             0x200001e3   Data          15  main.o(.bss)
    Dataa_ocupmem                            0x200001f2   Data          15  main.o(.bss)
    Dataa_totalmem                           0x20000201   Data          15  main.o(.bss)
    hspi1                                    0x20000210   Data          88  spi.o(.bss)
    huart1                                   0x20000268   Data          64  usart.o(.bss)
    Paint                                    0x200002a8   Data          24  gui_paint.o(.bss)
    pFlash                                   0x200002c0   Data          32  stm32f1xx_hal_flash.o(.bss)
    __heap_base                              0x200002e0   Data           0  startup_stm32f103xe.o(HEAP)
    __heap_limit                             0x200038e0   Data           0  startup_stm32f103xe.o(HEAP)
    __initial_sp                             0x20006ee0   Data           0  startup_stm32f103xe.o(STACK)



==============================================================================

Memory Map of the image

  Image Entry point : 0x08000131

  Load Region LR_IROM1 (Base: 0x08000000, Size: 0x000093a4, Max: 0x00080000, ABSOLUTE, COMPRESSED[0x00009274])

    Execution Region ER_IROM1 (Exec base: 0x08000000, Load base: 0x08000000, Size: 0x0000921c, Max: 0x00080000, ABSOLUTE)

    Exec Addr    Load Addr    Size         Type   Attr      Idx    E Section Name        Object

    0x08000000   0x08000000   0x00000130   Data   RO            3    RESET               startup_stm32f103xe.o
    0x08000130   0x08000130   0x00000000   Code   RO          974  * .ARM.Collect$$$$00000000  mc_w.l(entry.o)
    0x08000130   0x08000130   0x00000004   Code   RO         1302    .ARM.Collect$$$$00000001  mc_w.l(entry2.o)
    0x08000134   0x08000134   0x00000004   Code   RO         1305    .ARM.Collect$$$$00000004  mc_w.l(entry5.o)
    0x08000138   0x08000138   0x00000000   Code   RO         1307    .ARM.Collect$$$$00000008  mc_w.l(entry7b.o)
    0x08000138   0x08000138   0x00000000   Code   RO         1309    .ARM.Collect$$$$0000000A  mc_w.l(entry8b.o)
    0x08000138   0x08000138   0x00000008   Code   RO         1310    .ARM.Collect$$$$0000000B  mc_w.l(entry9a.o)
    0x08000140   0x08000140   0x00000004   Code   RO         1317    .ARM.Collect$$$$0000000E  mc_w.l(entry12b.o)
    0x08000144   0x08000144   0x00000000   Code   RO         1312    .ARM.Collect$$$$0000000F  mc_w.l(entry10a.o)
    0x08000144   0x08000144   0x00000000   Code   RO         1314    .ARM.Collect$$$$00000011  mc_w.l(entry11a.o)
    0x08000144   0x08000144   0x00000004   Code   RO         1303    .ARM.Collect$$$$00002712  mc_w.l(entry2.o)
    0x08000148   0x08000148   0x00000024   Code   RO            4    .text               startup_stm32f103xe.o
    0x0800016c   0x0800016c   0x000003b8   Code   RO           13    .text               main.o
    0x08000524   0x08000524   0x00000060   Code   RO          178    .text               gpio.o
    0x08000584   0x08000584   0x000000bc   Code   RO          202    .text               spi.o
    0x08000640   0x08000640   0x000000d8   Code   RO          232    .text               usart.o
    0x08000718   0x08000718   0x00000030   Code   RO          262    .text               stm32f1xx_it.o
    0x08000748   0x08000748   0x0000003c   Code   RO          289    .text               stm32f1xx_hal_msp.o
    0x08000784   0x08000784   0x00000244   Code   RO          370    .text               epd_2in13_v3_test.o
    0x080009c8   0x080009c8   0x00000436   Code   RO          397    .text               epd_2in13_v3.o
    0x08000dfe   0x08000dfe   0x00000002   PAD
    0x08000e00   0x08000e00   0x00000068   Code   RO          424    .text               dev_config.o
    0x08000e68   0x08000e68   0x00000fb4   Code   RO          449    .text               gui_paint.o
    0x08001e1c   0x08001e1c   0x000000c4   Code   RO          579    .text               system_stm32f1xx.o
    0x08001ee0   0x08001ee0   0x000015e8   Code   RO          635    .text               stm32f1xx_hal_spi.o
    0x080034c8   0x080034c8   0x00000188   Code   RO          659    .text               stm32f1xx_hal.o
    0x08003650   0x08003650   0x000008c8   Code   RO          689    .text               stm32f1xx_hal_rcc.o
    0x08003f18   0x08003f18   0x000003d4   Code   RO          737    .text               stm32f1xx_hal_gpio.o
    0x080042ec   0x080042ec   0x00000c48   Code   RO          761    .text               stm32f1xx_hal_dma.o
    0x08004f34   0x08004f34   0x00000224   Code   RO          785    .text               stm32f1xx_hal_cortex.o
    0x08005158   0x08005158   0x00000340   Code   RO          837    .text               stm32f1xx_hal_flash.o
    0x08005498   0x08005498   0x0000048c   Code   RO          864    .text               stm32f1xx_hal_flash_ex.o
    0x08005924   0x08005924   0x00000f9c   Code   RO          949    .text               stm32f1xx_hal_uart.o
    0x080068c0   0x080068c0   0x00000062   Code   RO          977    .text               mc_w.l(ldiv.o)
    0x08006922   0x08006922   0x00000020   Code   RO          979    .text               mc_w.l(llushr.o)
    0x08006942   0x08006942   0x00000024   Code   RO          983    .text               mc_w.l(memseta.o)
    0x08006966   0x08006966   0x00000018   Code   RO          985    .text               mc_w.l(strcat.o)
    0x0800697e   0x0800697e   0x0000000e   Code   RO          987    .text               mc_w.l(strlen.o)
    0x0800698c   0x0800698c   0x00000012   Code   RO          989    .text               mc_w.l(strcpy.o)
    0x0800699e   0x0800699e   0x00000002   PAD
    0x080069a0   0x080069a0   0x00000044   Code   RO          991    .text               mc_w.l(strtok.o)
    0x080069e4   0x080069e4   0x000000b0   Code   RO         1286    .text               mf_w.l(fadd.o)
    0x08006a94   0x08006a94   0x00000064   Code   RO         1288    .text               mf_w.l(fmul.o)
    0x08006af8   0x08006af8   0x0000014e   Code   RO         1290    .text               mf_w.l(dadd.o)
    0x08006c46   0x08006c46   0x00000022   Code   RO         1292    .text               mf_w.l(dflti.o)
    0x08006c68   0x08006c68   0x00000032   Code   RO         1294    .text               mf_w.l(ffixi.o)
    0x08006c9a   0x08006c9a   0x0000003e   Code   RO         1296    .text               mf_w.l(dfixi.o)
    0x08006cd8   0x08006cd8   0x00000026   Code   RO         1298    .text               mf_w.l(f2d.o)
    0x08006cfe   0x08006cfe   0x00000038   Code   RO         1300    .text               mf_w.l(d2f.o)
    0x08006d36   0x08006d36   0x0000002c   Code   RO         1319    .text               mc_w.l(uidiv.o)
    0x08006d62   0x08006d62   0x00000062   Code   RO         1321    .text               mc_w.l(uldiv.o)
    0x08006dc4   0x08006dc4   0x0000001e   Code   RO         1323    .text               mc_w.l(llshl.o)
    0x08006de2   0x08006de2   0x00000024   Code   RO         1325    .text               mc_w.l(llsshr.o)
    0x08006e06   0x08006e06   0x00000002   PAD
    0x08006e08   0x08006e08   0x0000009c   Code   RO         1340    .text               mc_w.l(strtod.o)
    0x08006ea4   0x08006ea4   0x00000000   Code   RO         1342    .text               mc_w.l(iusefp.o)
    0x08006ea4   0x08006ea4   0x0000006e   Code   RO         1343    .text               mf_w.l(fepilogue.o)
    0x08006f12   0x08006f12   0x000000ba   Code   RO         1345    .text               mf_w.l(depilogue.o)
    0x08006fcc   0x08006fcc   0x000000e4   Code   RO         1347    .text               mf_w.l(dmul.o)
    0x080070b0   0x080070b0   0x000000de   Code   RO         1349    .text               mf_w.l(ddiv.o)
    0x0800718e   0x0800718e   0x00000030   Code   RO         1351    .text               mf_w.l(dfixul.o)
    0x080071be   0x080071be   0x00000002   PAD
    0x080071c0   0x080071c0   0x00000030   Code   RO         1353    .text               mf_w.l(cdrcmple.o)
    0x080071f0   0x080071f0   0x00000024   Code   RO         1355    .text               mc_w.l(init.o)
    0x08007214   0x08007214   0x0000000a   Code   RO         1357    .text               mc_w.l(isspace_c.o)
    0x0800721e   0x0800721e   0x00000002   PAD
    0x08007220   0x08007220   0x00000360   Code   RO         1359    .text               mc_w.l(scanf_fp.o)
    0x08007580   0x08007580   0x00000040   Code   RO         1363    .text               mc_w.l(_sgetc.o)
    0x080075c0   0x080075c0   0x00000028   Code   RO         1365    .text               mc_w.l(ctype_c.o)
    0x080075e8   0x080075e8   0x00000018   Code   RO         1368    .text               mf_w.l(dfltul.o)
    0x08007600   0x08007600   0x00000056   Code   RO         1378    .text               mc_w.l(__dczerorl2.o)
    0x08007656   0x08007656   0x00000002   PAD
    0x08007658   0x08007658   0x00000020   Code   RO         1230    i.__0printf         mc_w.l(printfa.o)
    0x08007678   0x08007678   0x00000028   Code   RO         1232    i.__0sprintf        mc_w.l(printfa.o)
    0x080076a0   0x080076a0   0x0000000c   Code   RO         1334    i.__read_errno      mc_w.l(errno.o)
    0x080076ac   0x080076ac   0x0000000e   Code   RO         1372    i.__scatterload_copy  mc_w.l(handlers.o)
    0x080076ba   0x080076ba   0x00000002   Code   RO         1373    i.__scatterload_null  mc_w.l(handlers.o)
    0x080076bc   0x080076bc   0x0000000e   Code   RO         1374    i.__scatterload_zeroinit  mc_w.l(handlers.o)
    0x080076ca   0x080076ca   0x00000002   PAD
    0x080076cc   0x080076cc   0x0000000c   Code   RO         1335    i.__set_errno       mc_w.l(errno.o)
    0x080076d8   0x080076d8   0x00000184   Code   RO         1237    i._fp_digits        mc_w.l(printfa.o)
    0x0800785c   0x0800785c   0x0000000e   Code   RO         1361    i._is_digit         mc_w.l(scanf_fp.o)
    0x0800786a   0x0800786a   0x00000002   PAD
    0x0800786c   0x0800786c   0x000006b4   Code   RO         1238    i._printf_core      mc_w.l(printfa.o)
    0x08007f20   0x08007f20   0x00000024   Code   RO         1239    i._printf_post_padding  mc_w.l(printfa.o)
    0x08007f44   0x08007f44   0x0000002e   Code   RO         1240    i._printf_pre_padding  mc_w.l(printfa.o)
    0x08007f72   0x08007f72   0x0000000a   Code   RO         1242    i._sputc            mc_w.l(printfa.o)
    0x08007f7c   0x08007f7c   0x0000002a   Code   RO          971    i.atof              m_ws.l(atof.o)
    0x08007fa6   0x08007fa6   0x00000002   PAD
    0x08007fa8   0x08007fa8   0x00000050   Code   RO         1258    i.free              mc_w.l(malloc.o)
    0x08007ff8   0x08007ff8   0x0000006c   Code   RO         1259    i.malloc            mc_w.l(malloc.o)
    0x08008064   0x08008064   0x00000474   Data   RO          492    .constdata          font12.o
    0x080084d8   0x080084d8   0x00000be0   Data   RO          520    .constdata          font16.o
    0x080090b8   0x080090b8   0x00000010   Data   RO          580    .constdata          system_stm32f1xx.o
    0x080090c8   0x080090c8   0x00000008   Data   RO          581    .constdata          system_stm32f1xx.o
    0x080090d0   0x080090d0   0x00000040   Data   RO         1366    .constdata          mc_w.l(ctype_c.o)
    0x08009110   0x08009110   0x000000e9   Data   RO          451    .conststring        gui_paint.o
    0x080091f9   0x080091f9   0x00000003   PAD
    0x080091fc   0x080091fc   0x00000020   Data   RO         1370    Region$$Table       anon$$obj.o


    Execution Region RW_IRAM1 (Exec base: 0x20000000, Load base: 0x0800921c, Size: 0x00006ee0, Max: 0x00010000, ABSOLUTE, COMPRESSED[0x00000058])

    Exec Addr    Load Addr    Size         Type   Attr      Idx    E Section Name        Object

    0x20000000   COMPRESSED   0x00000014   Data   RW           17    .data               main.o
    0x20000014   COMPRESSED   0x0000013e   Data   RW          398    .data               epd_2in13_v3.o
    0x20000152   COMPRESSED   0x00000002   PAD
    0x20000154   COMPRESSED   0x00000008   Data   RW          493    .data               font12.o
    0x2000015c   COMPRESSED   0x00000008   Data   RW          521    .data               font16.o
    0x20000164   COMPRESSED   0x00000004   Data   RW          582    .data               system_stm32f1xx.o
    0x20000168   COMPRESSED   0x0000000c   Data   RW          660    .data               stm32f1xx_hal.o
    0x20000174   COMPRESSED   0x00000004   Data   RW          992    .data               mc_w.l(strtok.o)
    0x20000178   COMPRESSED   0x00000004   Data   RW         1318    .data               mc_w.l(stdout.o)
    0x2000017c   COMPRESSED   0x00000004   Data   RW         1331    .data               mc_w.l(mvars.o)
    0x20000180   COMPRESSED   0x00000004   Data   RW         1332    .data               mc_w.l(mvars.o)
    0x20000184   COMPRESSED   0x00000004   Data   RW         1336    .data               mc_w.l(errno.o)
    0x20000188        -       0x00000088   Zero   RW           14    .bss                main.o
    0x20000210        -       0x00000058   Zero   RW          203    .bss                spi.o
    0x20000268        -       0x00000040   Zero   RW          233    .bss                usart.o
    0x200002a8        -       0x00000018   Zero   RW          450    .bss                gui_paint.o
    0x200002c0        -       0x00000020   Zero   RW          838    .bss                stm32f1xx_hal_flash.o
    0x200002e0        -       0x00003600   Zero   RW            2    HEAP                startup_stm32f103xe.o
    0x200038e0        -       0x00003600   Zero   RW            1    STACK               startup_stm32f103xe.o


==============================================================================

Image component sizes


      Code (inc. data)   RO Data    RW Data    ZI Data      Debug   Object Name

       104         10          0          0          0        800   dev_config.o
      1078         64          0        318          0       4984   epd_2in13_v3.o
       580        266          0          0          0       1371   epd_2in13_v3_test.o
         0          0       1140          8          0       1401   font12.o
         0          0       3040          8          0       1401   font16.o
        96         10          0          0          0        843   gpio.o
      4020        670        233          0         24      15782   gui_paint.o
       952         80          0         20        136     471700   main.o
       188         18          0          0         88       1489   spi.o
        36          8        304          0      27648        816   startup_stm32f103xe.o
       392         38          0         12          0       7729   stm32f1xx_hal.o
       548         12          0          0          0      30722   stm32f1xx_hal_cortex.o
      3144        164          0          0          0       7149   stm32f1xx_hal_dma.o
       832         16          0          0         32       4405   stm32f1xx_hal_flash.o
      1164         42          0          0          0       6030   stm32f1xx_hal_flash_ex.o
       980         30          0          0          0       4431   stm32f1xx_hal_gpio.o
        60          8          0          0          0        866   stm32f1xx_hal_msp.o
      2248         88          0          0          0       6599   stm32f1xx_hal_rcc.o
      5608        106          0          0          0      19665   stm32f1xx_hal_spi.o
      3996         46          0          0          0      17472   stm32f1xx_hal_uart.o
        48         22          0          0          0       1266   stm32f1xx_it.o
       196         28         24          4          0       1569   system_stm32f1xx.o
       216         18          0          0         64       1801   usart.o

    ----------------------------------------------------------------------
     26488       1744       4776        372      27992     610291   Object Totals
         0          0         32          0          0          0   (incl. Generated)
         2          0          3          2          0          0   (incl. Padding)

    ----------------------------------------------------------------------

      Code (inc. data)   RO Data    RW Data    ZI Data      Debug   Library Member Name

        42          0          0          0          0         84   atof.o
        86          0          0          0          0          0   __dczerorl2.o
        64          0          0          0          0         84   _sgetc.o
        40          6         64          0          0         68   ctype_c.o
         0          0          0          0          0          0   entry.o
         0          0          0          0          0          0   entry10a.o
         0          0          0          0          0          0   entry11a.o
         4          0          0          0          0          0   entry12b.o
         8          4          0          0          0          0   entry2.o
         4          0          0          0          0          0   entry5.o
         0          0          0          0          0          0   entry7b.o
         0          0          0          0          0          0   entry8b.o
         8          4          0          0          0          0   entry9a.o
        24         12          0          4          0        136   errno.o
        30          0          0          0          0          0   handlers.o
        36          8          0          0          0         68   init.o
        10          0          0          0          0         68   isspace_c.o
         0          0          0          0          0          0   iusefp.o
        98          0          0          0          0         84   ldiv.o
        30          0          0          0          0         68   llshl.o
        36          0          0          0          0         68   llsshr.o
        32          0          0          0          0         68   llushr.o
       188         20          0          0          0        160   malloc.o
        36          0          0          0          0        108   memseta.o
         0          0          0          8          0          0   mvars.o
      2268         96          0          0          0        616   printfa.o
       878         12          0          0          0        216   scanf_fp.o
         0          0          0          4          0          0   stdout.o
        24          0          0          0          0         68   strcat.o
        18          0          0          0          0         68   strcpy.o
        14          0          0          0          0         68   strlen.o
       156         12          0          0          0        120   strtod.o
        68          6          0          4          0         80   strtok.o
        44          0          0          0          0         80   uidiv.o
        98          0          0          0          0         92   uldiv.o
        48          0          0          0          0         68   cdrcmple.o
        56          0          0          0          0         88   d2f.o
       334          0          0          0          0        148   dadd.o
       222          0          0          0          0        100   ddiv.o
       186          0          0          0          0        176   depilogue.o
        62          0          0          0          0         80   dfixi.o
        48          0          0          0          0         68   dfixul.o
        34          0          0          0          0         76   dflti.o
        24          0          0          0          0         76   dfltul.o
       228          0          0          0          0         96   dmul.o
        38          0          0          0          0         68   f2d.o
       176          0          0          0          0        140   fadd.o
       110          0          0          0          0        168   fepilogue.o
        50          0          0          0          0         68   ffixi.o
       100          0          0          0          0         76   fmul.o

    ----------------------------------------------------------------------
      6076        180         64         20          0       3968   Library Totals
        16          0          0          0          0          0   (incl. Padding)

    ----------------------------------------------------------------------

      Code (inc. data)   RO Data    RW Data    ZI Data      Debug   Library Name

        42          0          0          0          0         84   m_ws.l
      4302        180         64         20          0       2388   mc_w.l
      1716          0          0          0          0       1496   mf_w.l

    ----------------------------------------------------------------------
      6076        180         64         20          0       3968   Library Totals

    ----------------------------------------------------------------------

==============================================================================


      Code (inc. data)   RO Data    RW Data    ZI Data      Debug   

     32564       1924       4840        392      27992     610279   Grand Totals
     32564       1924       4840         88      27992     610279   ELF Image Totals (compressed)
     32564       1924       4840         88          0          0   ROM Totals

==============================================================================

    Total RO  Size (Code + RO Data)                37404 (  36.53kB)
    Total RW  Size (RW Data + ZI Data)             28384 (  27.72kB)
    Total ROM Size (Code + RO Data + RW Data)      37492 (  36.61kB)

==============================================================================

